ARM Linker, 5.03 [Build 76] [MDK-ARM Standard][RL-ARM]

==============================================================================

Section Cross References

    main.o(i.main) refers to touchpanel.o(i.TP_Init) for TP_Init
    main.o(i.main) refers to glcd.o(i.LCD_Initializtion) for LCD_Initializtion
    main.o(i.main) refers to touchpanel.o(i.TouchPanel_Calibrate) for TouchPanel_Calibrate
    main.o(i.main) refers to touchpanel.o(i.Read_Ads7846) for Read_Ads7846
    main.o(i.main) refers to touchpanel.o(i.getDisplayPoint) for getDisplayPoint
    main.o(i.main) refers to touchpanel.o(i.TP_DrawPoint) for TP_DrawPoint
    main.o(i.main) refers to touchpanel.o(.bss) for matrix
    main.o(i.main) refers to touchpanel.o(.data) for display
    glcd.o(i.GUI_Chinese) refers to glcd.o(i.PutChinese) for PutChinese
    glcd.o(i.GUI_Text) refers to glcd.o(i.PutChar) for PutChar
    glcd.o(i.LCD_Clear) refers to glcd.o(.data) for LCD_Code
    glcd.o(i.LCD_Configuration) refers to lpc17xx_pinsel.o(i.PINSEL_ConfigPin) for PINSEL_ConfigPin
    glcd.o(i.LCD_Configuration) refers to lpc17xx_gpio.o(i.GPIO_SetDir) for GPIO_SetDir
    glcd.o(i.LCD_DrawLine) refers to glcd.o(i.LCD_SetPoint) for LCD_SetPoint
    glcd.o(i.LCD_GetPoint) refers to glcd.o(.data) for LCD_Code
    glcd.o(i.LCD_GetPoint) refers to glcd.o(i.LCD_BGR2RGB) for LCD_BGR2RGB
    glcd.o(i.LCD_Initializtion) refers to glcd.o(i.LCD_Configuration) for LCD_Configuration
    glcd.o(i.LCD_Initializtion) refers to glcd.o(i.delay_ms) for delay_ms
    glcd.o(i.LCD_Initializtion) refers to glcd.o(.data) for LCD_Code
    glcd.o(i.LCD_SetPoint) refers to glcd.o(.data) for LCD_Code
    glcd.o(i.PutChar) refers to asciilib.o(i.GetASCIICode) for GetASCIICode
    glcd.o(i.PutChar) refers to glcd.o(i.LCD_SetPoint) for LCD_SetPoint
    glcd.o(i.PutChinese) refers to hzlib.o(i.GetGBKCode) for GetGBKCode
    glcd.o(i.PutChinese) refers to glcd.o(i.LCD_SetPoint) for LCD_SetPoint
    hzlib.o(i.GetGBKCode) refers to memcpya.o(.text) for __aeabi_memcpy
    hzlib.o(i.GetGBKCode) refers to hzlib.o(.constdata) for HzLib
    asciilib.o(i.GetASCIICode) refers to memcpya.o(.text) for __aeabi_memcpy
    asciilib.o(i.GetASCIICode) refers to asciilib.o(.constdata) for AsciiLib
    touchpanel.o(i.DrawCross) refers to glcd.o(i.LCD_DrawLine) for LCD_DrawLine
    touchpanel.o(i.RD_AD) refers to touchpanel.o(i.WR_CMD) for WR_CMD
    touchpanel.o(i.RD_AD) refers to touchpanel.o(i.DelayUS) for DelayUS
    touchpanel.o(i.Read_Ads7846) refers to memseta.o(.text) for __aeabi_memclr4
    touchpanel.o(i.Read_Ads7846) refers to touchpanel.o(i.TP_GetAdXY) for TP_GetAdXY
    touchpanel.o(i.Read_Ads7846) refers to touchpanel.o(.data) for screen
    touchpanel.o(i.Read_X) refers to touchpanel.o(i.DelayUS) for DelayUS
    touchpanel.o(i.Read_X) refers to touchpanel.o(i.WR_CMD) for WR_CMD
    touchpanel.o(i.Read_X) refers to touchpanel.o(i.RD_AD) for RD_AD
    touchpanel.o(i.Read_Y) refers to touchpanel.o(i.DelayUS) for DelayUS
    touchpanel.o(i.Read_Y) refers to touchpanel.o(i.WR_CMD) for WR_CMD
    touchpanel.o(i.Read_Y) refers to touchpanel.o(i.RD_AD) for RD_AD
    touchpanel.o(i.TP_DrawPoint) refers to glcd.o(i.LCD_SetPoint) for LCD_SetPoint
    touchpanel.o(i.TP_GetAdXY) refers to touchpanel.o(i.Read_X) for Read_X
    touchpanel.o(i.TP_GetAdXY) refers to touchpanel.o(i.DelayUS) for DelayUS
    touchpanel.o(i.TP_GetAdXY) refers to touchpanel.o(i.Read_Y) for Read_Y
    touchpanel.o(i.TP_Init) refers to lpc17xx_pinsel.o(i.PINSEL_ConfigPin) for PINSEL_ConfigPin
    touchpanel.o(i.TP_Init) refers to lpc17xx_gpio.o(i.GPIO_SetDir) for GPIO_SetDir
    touchpanel.o(i.TP_Init) refers to lpc17xx_gpio.o(i.GPIO_SetValue) for GPIO_SetValue
    touchpanel.o(i.TP_Init) refers to lpc17xx_ssp.o(i.SSP_ConfigStructInit) for SSP_ConfigStructInit
    touchpanel.o(i.TP_Init) refers to lpc17xx_ssp.o(i.SSP_Init) for SSP_Init
    touchpanel.o(i.TP_Init) refers to lpc17xx_ssp.o(i.SSP_Cmd) for SSP_Cmd
    touchpanel.o(i.TouchPanel_Calibrate) refers to glcd.o(i.LCD_Clear) for LCD_Clear
    touchpanel.o(i.TouchPanel_Calibrate) refers to glcd.o(i.GUI_Text) for GUI_Text
    touchpanel.o(i.TouchPanel_Calibrate) refers to touchpanel.o(i.DelayUS) for DelayUS
    touchpanel.o(i.TouchPanel_Calibrate) refers to touchpanel.o(i.DrawCross) for DrawCross
    touchpanel.o(i.TouchPanel_Calibrate) refers to touchpanel.o(i.Read_Ads7846) for Read_Ads7846
    touchpanel.o(i.TouchPanel_Calibrate) refers to touchpanel.o(i.setCalibrationMatrix) for setCalibrationMatrix
    touchpanel.o(i.TouchPanel_Calibrate) refers to touchpanel.o(.data) for DisplaySample
    touchpanel.o(i.TouchPanel_Calibrate) refers to touchpanel.o(.bss) for ScreenSample
    touchpanel.o(i.WR_CMD) refers to lpc17xx_ssp.o(i.SSP_GetStatus) for SSP_GetStatus
    touchpanel.o(i.WR_CMD) refers to lpc17xx_ssp.o(i.SSP_SendData) for SSP_SendData
[...]
    lpc17xx_qei.o(i.QEI_GetIndex) refers to lpc17xx_libcfg_default.o(i.check_failed) for check_failed
    lpc17xx_qei.o(i.QEI_GetIntStatus) refers to lpc17xx_libcfg_default.o(i.check_failed) for check_failed
    lpc17xx_qei.o(i.QEI_GetPosition) refers to lpc17xx_libcfg_default.o(i.check_failed) for check_failed
    lpc17xx_qei.o(i.QEI_GetStatus) refers to lpc17xx_libcfg_default.o(i.check_failed) for check_failed
    lpc17xx_qei.o(i.QEI_GetTimer) refers to lpc17xx_libcfg_default.o(i.check_failed) for check_failed
    lpc17xx_qei.o(i.QEI_GetVelocity) refers to lpc17xx_libcfg_default.o(i.check_failed) for check_failed
    lpc17xx_qei.o(i.QEI_GetVelocityCap) refers to lpc17xx_libcfg_default.o(i.check_failed) for check_failed
    lpc17xx_qei.o(i.QEI_Init) refers to lpc17xx_libcfg_default.o(i.check_failed) for check_failed
    lpc17xx_qei.o(i.QEI_Init) refers to lpc17xx_clkpwr.o(i.CLKPWR_ConfigPPWR) for CLKPWR_ConfigPPWR
    lpc17xx_qei.o(i.QEI_Init) refers to lpc17xx_clkpwr.o(i.CLKPWR_SetPCLKDiv) for CLKPWR_SetPCLKDiv
    lpc17xx_qei.o(i.QEI_IntClear) refers to lpc17xx_libcfg_default.o(i.check_failed) for check_failed
    lpc17xx_qei.o(i.QEI_IntCmd) refers to lpc17xx_libcfg_default.o(i.check_failed) for check_failed
    lpc17xx_qei.o(i.QEI_IntSet) refers to lpc17xx_libcfg_default.o(i.check_failed) for check_failed
    lpc17xx_qei.o(i.QEI_Reset) refers to lpc17xx_libcfg_default.o(i.check_failed) for check_failed
    lpc17xx_qei.o(i.QEI_SetDigiFilter) refers to lpc17xx_libcfg_default.o(i.check_failed) for check_failed
    lpc17xx_qei.o(i.QEI_SetIndexComp) refers to lpc17xx_libcfg_default.o(i.check_failed) for check_failed
    lpc17xx_qei.o(i.QEI_SetMaxPosition) refers to lpc17xx_libcfg_default.o(i.check_failed) for check_failed
    lpc17xx_qei.o(i.QEI_SetPositionComp) refers to lpc17xx_libcfg_default.o(i.check_failed) for check_failed
    lpc17xx_qei.o(i.QEI_SetTimerReload) refers to lpc17xx_libcfg_default.o(i.check_failed) for check_failed
    lpc17xx_qei.o(i.QEI_SetTimerReload) refers to lpc17xx_clkpwr.o(i.CLKPWR_GetPCLK) for CLKPWR_GetPCLK
    lpc17xx_qei.o(i.QEI_SetTimerReload) refers to uldiv.o(.text) for __aeabi_uldivmod
    lpc17xx_qei.o(i.QEI_SetVelocityComp) refers to lpc17xx_libcfg_default.o(i.check_failed) for check_failed
    lpc17xx_rit.o(i.RIT_Cmd) refers to lpc17xx_libcfg_default.o(i.check_failed) for check_failed
    lpc17xx_rit.o(i.RIT_DeInit) refers to lpc17xx_libcfg_default.o(i.check_failed) for check_failed
    lpc17xx_rit.o(i.RIT_DeInit) refers to lpc17xx_clkpwr.o(i.CLKPWR_ConfigPPWR) for CLKPWR_ConfigPPWR
    lpc17xx_rit.o(i.RIT_GetIntStatus) refers to lpc17xx_libcfg_default.o(i.check_failed) for check_failed
    lpc17xx_rit.o(i.RIT_Init) refers to lpc17xx_libcfg_default.o(i.check_failed) for check_failed
    lpc17xx_rit.o(i.RIT_Init) refers to lpc17xx_clkpwr.o(i.CLKPWR_ConfigPPWR) for CLKPWR_ConfigPPWR
    lpc17xx_rit.o(i.RIT_TimerConfig) refers to lpc17xx_libcfg_default.o(i.check_failed) for check_failed
    lpc17xx_rit.o(i.RIT_TimerConfig) refers to lpc17xx_clkpwr.o(i.CLKPWR_GetPCLK) for CLKPWR_GetPCLK
    lpc17xx_rit.o(i.RIT_TimerDebugCmd) refers to lpc17xx_libcfg_default.o(i.check_failed) for check_failed
    lpc17xx_rtc.o(i.RTC_AlarmIntConfig) refers to lpc17xx_libcfg_default.o(i.check_failed) for check_failed
    lpc17xx_rtc.o(i.RTC_CalibConfig) refers to lpc17xx_libcfg_default.o(i.check_failed) for check_failed
    lpc17xx_rtc.o(i.RTC_CalibCounterCmd) refers to lpc17xx_libcfg_default.o(i.check_failed) for check_failed
    lpc17xx_rtc.o(i.RTC_ClearIntPending) refers to lpc17xx_libcfg_default.o(i.check_failed) for check_failed
    lpc17xx_rtc.o(i.RTC_Cmd) refers to lpc17xx_libcfg_default.o(i.check_failed) for check_failed
    lpc17xx_rtc.o(i.RTC_CntIncrIntConfig) refers to lpc17xx_libcfg_default.o(i.check_failed) for check_failed
    lpc17xx_rtc.o(i.RTC_DeInit) refers to lpc17xx_libcfg_default.o(i.check_failed) for check_failed
    lpc17xx_rtc.o(i.RTC_DeInit) refers to lpc17xx_clkpwr.o(i.CLKPWR_ConfigPPWR) for CLKPWR_ConfigPPWR
    lpc17xx_rtc.o(i.RTC_GetFullAlarmTime) refers to lpc17xx_libcfg_default.o(i.check_failed) for check_failed
    lpc17xx_rtc.o(i.RTC_GetFullTime) refers to lpc17xx_libcfg_default.o(i.check_failed) for check_failed
    lpc17xx_rtc.o(i.RTC_GetIntPending) refers to lpc17xx_libcfg_default.o(i.check_failed) for check_failed
    lpc17xx_rtc.o(i.RTC_GetTime) refers to lpc17xx_libcfg_default.o(i.check_failed) for check_failed
    lpc17xx_rtc.o(i.RTC_Init) refers to lpc17xx_libcfg_default.o(i.check_failed) for check_failed
    lpc17xx_rtc.o(i.RTC_Init) refers to lpc17xx_clkpwr.o(i.CLKPWR_ConfigPPWR) for CLKPWR_ConfigPPWR
    lpc17xx_rtc.o(i.RTC_ReadGPREG) refers to lpc17xx_libcfg_default.o(i.check_failed) for check_failed
    lpc17xx_rtc.o(i.RTC_ResetClockTickCounter) refers to lpc17xx_libcfg_default.o(i.check_failed) for check_failed
    lpc17xx_rtc.o(i.RTC_SetAlarmTime) refers to lpc17xx_libcfg_default.o(i.check_failed) for check_failed
    lpc17xx_rtc.o(i.RTC_SetFullAlarmTime) refers to lpc17xx_libcfg_default.o(i.check_failed) for check_failed
    lpc17xx_rtc.o(i.RTC_SetFullTime) refers to lpc17xx_libcfg_default.o(i.check_failed) for check_failed
    lpc17xx_rtc.o(i.RTC_SetTime) refers to lpc17xx_libcfg_default.o(i.check_failed) for check_failed
    lpc17xx_rtc.o(i.RTC_WriteGPREG) refers to lpc17xx_libcfg_default.o(i.check_failed) for check_failed
    lpc17xx_spi.o(i.SPI_CheckStatus) refers to lpc17xx_libcfg_default.o(i.check_failed) for check_failed
    lpc17xx_spi.o(i.SPI_ClearIntPending) refers to lpc17xx_libcfg_default.o(i.check_failed) for check_failed
    lpc17xx_spi.o(i.SPI_DeInit) refers to lpc17xx_libcfg_default.o(i.check_failed) for check_failed
    lpc17xx_spi.o(i.SPI_DeInit) refers to lpc17xx_clkpwr.o(i.CLKPWR_ConfigPPWR) for CLKPWR_ConfigPPWR
    lpc17xx_spi.o(i.SPI_GetDataSize) refers to lpc17xx_libcfg_default.o(i.check_failed) for check_failed
    lpc17xx_spi.o(i.SPI_GetIntStatus) refers to lpc17xx_libcfg_default.o(i.check_failed) for check_failed
    lpc17xx_spi.o(i.SPI_GetStatus) refers to lpc17xx_libcfg_default.o(i.check_failed) for check_failed
    lpc17xx_spi.o(i.SPI_Init) refers to lpc17xx_libcfg_default.o(i.check_failed) for check_failed
    lpc17xx_spi.o(i.SPI_Init) refers to lpc17xx_clkpwr.o(i.CLKPWR_ConfigPPWR) for CLKPWR_ConfigPPWR
    lpc17xx_spi.o(i.SPI_Init) refers to lpc17xx_spi.o(i.SPI_SetClock) for SPI_SetClock
    lpc17xx_spi.o(i.SPI_IntCmd) refers to lpc17xx_libcfg_default.o(i.check_failed) for check_failed
    lpc17xx_spi.o(i.SPI_ReadWrite) refers to lpc17xx_spi.o(i.SPI_GetDataSize) for SPI_GetDataSize
    lpc17xx_spi.o(i.SPI_ReadWrite) refers to lpc17xx_spi.o(i.SPI_SendData) for SPI_SendData
    lpc17xx_spi.o(i.SPI_ReadWrite) refers to lpc17xx_spi.o(i.SPI_ReceiveData) for SPI_ReceiveData
    lpc17xx_spi.o(i.SPI_ReadWrite) refers to lpc17xx_spi.o(i.SPI_IntCmd) for SPI_IntCmd
    lpc17xx_spi.o(i.SPI_ReceiveData) refers to lpc17xx_libcfg_default.o(i.check_failed) for check_failed
    lpc17xx_spi.o(i.SPI_SendData) refers to lpc17xx_libcfg_default.o(i.check_failed) for check_failed
    lpc17xx_spi.o(i.SPI_SetClock) refers to lpc17xx_libcfg_default.o(i.check_failed) for check_failed
    lpc17xx_spi.o(i.SPI_SetClock) refers to lpc17xx_clkpwr.o(i.CLKPWR_GetPCLK) for CLKPWR_GetPCLK
    lpc17xx_ssp.o(i.SSP_ClearIntPending) refers to lpc17xx_libcfg_default.o(i.check_failed) for check_failed
    lpc17xx_ssp.o(i.SSP_Cmd) refers to lpc17xx_libcfg_default.o(i.check_failed) for check_failed
    lpc17xx_ssp.o(i.SSP_DMACmd) refers to lpc17xx_libcfg_default.o(i.check_failed) for check_failed
    lpc17xx_ssp.o(i.SSP_DeInit) refers to lpc17xx_libcfg_default.o(i.check_failed) for check_failed
    lpc17xx_ssp.o(i.SSP_DeInit) refers to lpc17xx_clkpwr.o(i.CLKPWR_ConfigPPWR) for CLKPWR_ConfigPPWR
    lpc17xx_ssp.o(i.SSP_GetDataSize) refers to lpc17xx_libcfg_default.o(i.check_failed) for check_failed
    lpc17xx_ssp.o(i.SSP_GetIntStatus) refers to lpc17xx_libcfg_default.o(i.check_failed) for check_failed
    lpc17xx_ssp.o(i.SSP_GetRawIntStatus) refers to lpc17xx_libcfg_default.o(i.check_failed) for check_failed
    lpc17xx_ssp.o(i.SSP_GetRawIntStatusReg) refers to lpc17xx_libcfg_default.o(i.check_failed) for check_failed
    lpc17xx_ssp.o(i.SSP_GetStatus) refers to lpc17xx_libcfg_default.o(i.check_failed) for check_failed
    lpc17xx_ssp.o(i.SSP_Init) refers to lpc17xx_libcfg_default.o(i.check_failed) for check_failed
    lpc17xx_ssp.o(i.SSP_Init) refers to lpc17xx_clkpwr.o(i.CLKPWR_ConfigPPWR) for CLKPWR_ConfigPPWR
    lpc17xx_ssp.o(i.SSP_Init) refers to lpc17xx_ssp.o(i.setSSPclock) for setSSPclock
    lpc17xx_ssp.o(i.SSP_IntConfig) refers to lpc17xx_libcfg_default.o(i.check_failed) for check_failed
    lpc17xx_ssp.o(i.SSP_LoopBackCmd) refers to lpc17xx_libcfg_default.o(i.check_failed) for check_failed
    lpc17xx_ssp.o(i.SSP_ReadWrite) refers to lpc17xx_ssp.o(i.SSP_ReceiveData) for SSP_ReceiveData
    lpc17xx_ssp.o(i.SSP_ReadWrite) refers to lpc17xx_ssp.o(i.SSP_GetDataSize) for SSP_GetDataSize
    lpc17xx_ssp.o(i.SSP_ReadWrite) refers to lpc17xx_ssp.o(i.SSP_SendData) for SSP_SendData
    lpc17xx_ssp.o(i.SSP_ReceiveData) refers to lpc17xx_libcfg_default.o(i.check_failed) for check_failed
    lpc17xx_ssp.o(i.SSP_SendData) refers to lpc17xx_libcfg_default.o(i.check_failed) for check_failed
    lpc17xx_ssp.o(i.SSP_SlaveOutputCmd) refers to lpc17xx_libcfg_default.o(i.check_failed) for check_failed
    lpc17xx_ssp.o(i.setSSPclock) refers to lpc17xx_libcfg_default.o(i.check_failed) for check_failed
    lpc17xx_ssp.o(i.setSSPclock) refers to lpc17xx_clkpwr.o(i.CLKPWR_GetPCLK) for CLKPWR_GetPCLK
    lpc17xx_systick.o(i.SYSTICK_Cmd) refers to lpc17xx_libcfg_default.o(i.check_failed) for check_failed
    lpc17xx_systick.o(i.SYSTICK_Cmd) refers to lpc17xx_systick.o(.constdata) for .constdata
    lpc17xx_systick.o(i.SYSTICK_ExternalInit) refers to ffltui.o(.text) for __aeabi_ui2f
    lpc17xx_systick.o(i.SYSTICK_ExternalInit) refers to cfrcmple.o(.text) for __aeabi_cfrcmple
    lpc17xx_systick.o(i.SYSTICK_IntCmd) refers to lpc17xx_libcfg_default.o(i.check_failed) for check_failed
    lpc17xx_systick.o(i.SYSTICK_IntCmd) refers to lpc17xx_systick.o(.constdata) for .constdata
    lpc17xx_systick.o(i.SYSTICK_InternalInit) refers to ffltui.o(.text) for __aeabi_ui2f
    lpc17xx_systick.o(i.SYSTICK_InternalInit) refers to cfrcmple.o(.text) for __aeabi_cfrcmple
    lpc17xx_systick.o(i.SYSTICK_InternalInit) refers to system_lpc17xx.o(.data) for SystemCoreClock
    lpc17xx_timer.o(i.TIM_ClearIntCapturePending) refers to lpc17xx_libcfg_default.o(i.check_failed) for check_failed
    lpc17xx_timer.o(i.TIM_ClearIntCapturePending) refers to lpc17xx_timer.o(.constdata) for .constdata
    lpc17xx_timer.o(i.TIM_ClearIntPending) refers to lpc17xx_libcfg_default.o(i.check_failed) for check_failed
    lpc17xx_timer.o(i.TIM_ClearIntPending) refers to lpc17xx_timer.o(.constdata) for .constdata
    lpc17xx_timer.o(i.TIM_Cmd) refers to lpc17xx_libcfg_default.o(i.check_failed) for check_failed
    lpc17xx_timer.o(i.TIM_Cmd) refers to lpc17xx_timer.o(.constdata) for .constdata
    lpc17xx_timer.o(i.TIM_ConfigCapture) refers to lpc17xx_libcfg_default.o(i.check_failed) for check_failed
    lpc17xx_timer.o(i.TIM_ConfigCapture) refers to lpc17xx_timer.o(.constdata) for .constdata
    lpc17xx_timer.o(i.TIM_ConfigMatch) refers to lpc17xx_libcfg_default.o(i.check_failed) for check_failed
    lpc17xx_timer.o(i.TIM_ConfigMatch) refers to lpc17xx_timer.o(.constdata) for .constdata
    lpc17xx_timer.o(i.TIM_DeInit) refers to lpc17xx_libcfg_default.o(i.check_failed) for check_failed
    lpc17xx_timer.o(i.TIM_DeInit) refers to lpc17xx_clkpwr.o(i.CLKPWR_ConfigPPWR) for CLKPWR_ConfigPPWR
    lpc17xx_timer.o(i.TIM_DeInit) refers to lpc17xx_timer.o(.constdata) for .constdata
    lpc17xx_timer.o(i.TIM_GetCaptureValue) refers to lpc17xx_libcfg_default.o(i.check_failed) for check_failed
    lpc17xx_timer.o(i.TIM_GetCaptureValue) refers to lpc17xx_timer.o(.constdata) for .constdata
    lpc17xx_timer.o(i.TIM_GetIntCaptureStatus) refers to lpc17xx_libcfg_default.o(i.check_failed) for check_failed
    lpc17xx_timer.o(i.TIM_GetIntCaptureStatus) refers to lpc17xx_timer.o(.constdata) for .constdata
    lpc17xx_timer.o(i.TIM_GetIntStatus) refers to lpc17xx_libcfg_default.o(i.check_failed) for check_failed
    lpc17xx_timer.o(i.TIM_GetIntStatus) refers to lpc17xx_timer.o(.constdata) for .constdata
    lpc17xx_timer.o(i.TIM_Init) refers to lpc17xx_libcfg_default.o(i.check_failed) for check_failed
    lpc17xx_timer.o(i.TIM_Init) refers to lpc17xx_clkpwr.o(i.CLKPWR_ConfigPPWR) for CLKPWR_ConfigPPWR
    lpc17xx_timer.o(i.TIM_Init) refers to lpc17xx_clkpwr.o(i.CLKPWR_SetPCLKDiv) for CLKPWR_SetPCLKDiv
    lpc17xx_timer.o(i.TIM_Init) refers to lpc17xx_timer.o(i.converPtrToTimeNum) for converPtrToTimeNum
    lpc17xx_timer.o(i.TIM_Init) refers to lpc17xx_timer.o(i.converUSecToVal) for converUSecToVal
    lpc17xx_timer.o(i.TIM_Init) refers to lpc17xx_timer.o(.constdata) for .constdata
    lpc17xx_timer.o(i.TIM_ResetCounter) refers to lpc17xx_libcfg_default.o(i.check_failed) for check_failed
    lpc17xx_timer.o(i.TIM_ResetCounter) refers to lpc17xx_timer.o(.constdata) for .constdata
    lpc17xx_timer.o(i.TIM_UpdateMatchValue) refers to lpc17xx_libcfg_default.o(i.check_failed) for check_failed
    lpc17xx_timer.o(i.TIM_UpdateMatchValue) refers to lpc17xx_timer.o(.constdata) for .constdata
    lpc17xx_timer.o(i.converUSecToVal) refers to lpc17xx_timer.o(i.getPClock) for getPClock
    lpc17xx_timer.o(i.converUSecToVal) refers to uldiv.o(.text) for __aeabi_uldivmod
    lpc17xx_timer.o(i.getPClock) refers to lpc17xx_clkpwr.o(i.CLKPWR_GetPCLK) for CLKPWR_GetPCLK
    lpc17xx_uart.o(i.UART_ABClearIntPending) refers to lpc17xx_libcfg_default.o(i.check_failed) for check_failed
    lpc17xx_uart.o(i.UART_ABClearIntPending) refers to lpc17xx_uart.o(.constdata) for .constdata
    lpc17xx_uart.o(i.UART_ABCmd) refers to lpc17xx_libcfg_default.o(i.check_failed) for check_failed
    lpc17xx_uart.o(i.UART_ABCmd) refers to lpc17xx_uart.o(.constdata) for .constdata
    lpc17xx_uart.o(i.UART_DeInit) refers to lpc17xx_libcfg_default.o(i.check_failed) for check_failed
    lpc17xx_uart.o(i.UART_DeInit) refers to lpc17xx_uart.o(i.UART_TxCmd) for UART_TxCmd
    lpc17xx_uart.o(i.UART_DeInit) refers to lpc17xx_clkpwr.o(i.CLKPWR_ConfigPPWR) for CLKPWR_ConfigPPWR
    lpc17xx_uart.o(i.UART_DeInit) refers to lpc17xx_uart.o(.constdata) for .constdata
    lpc17xx_uart.o(i.UART_FIFOConfig) refers to lpc17xx_libcfg_default.o(i.check_failed) for check_failed
    lpc17xx_uart.o(i.UART_FIFOConfig) refers to lpc17xx_uart.o(.constdata) for .constdata
    lpc17xx_uart.o(i.UART_ForceBreak) refers to lpc17xx_libcfg_default.o(i.check_failed) for check_failed
    lpc17xx_uart.o(i.UART_ForceBreak) refers to lpc17xx_uart.o(.constdata) for .constdata
    lpc17xx_uart.o(i.UART_FullModemConfigMode) refers to lpc17xx_libcfg_default.o(i.check_failed) for check_failed
    lpc17xx_uart.o(i.UART_FullModemConfigMode) refers to lpc17xx_uart.o(.constdata) for .constdata
    lpc17xx_uart.o(i.UART_FullModemForcePinState) refers to lpc17xx_libcfg_default.o(i.check_failed) for check_failed
    lpc17xx_uart.o(i.UART_FullModemForcePinState) refers to lpc17xx_uart.o(.constdata) for .constdata
    lpc17xx_uart.o(i.UART_FullModemGetStatus) refers to lpc17xx_libcfg_default.o(i.check_failed) for check_failed
    lpc17xx_uart.o(i.UART_FullModemGetStatus) refers to lpc17xx_uart.o(.constdata) for .constdata
    lpc17xx_uart.o(i.UART_GetIntId) refers to lpc17xx_libcfg_default.o(i.check_failed) for check_failed
    lpc17xx_uart.o(i.UART_GetIntId) refers to lpc17xx_uart.o(.constdata) for .constdata
    lpc17xx_uart.o(i.UART_GetLineStatus) refers to lpc17xx_libcfg_default.o(i.check_failed) for check_failed
    lpc17xx_uart.o(i.UART_GetLineStatus) refers to lpc17xx_uart.o(.constdata) for .constdata
    lpc17xx_uart.o(i.UART_Init) refers to lpc17xx_libcfg_default.o(i.check_failed) for check_failed
    lpc17xx_uart.o(i.UART_Init) refers to lpc17xx_clkpwr.o(i.CLKPWR_ConfigPPWR) for CLKPWR_ConfigPPWR
    lpc17xx_uart.o(i.UART_Init) refers to lpc17xx_uart.o(i.uart_set_divisors) for uart_set_divisors
    lpc17xx_uart.o(i.UART_Init) refers to lpc17xx_uart.o(.constdata) for .constdata
    lpc17xx_uart.o(i.UART_IntConfig) refers to lpc17xx_libcfg_default.o(i.check_failed) for check_failed
    lpc17xx_uart.o(i.UART_IntConfig) refers to lpc17xx_uart.o(.constdata) for .constdata
    lpc17xx_uart.o(i.UART_IrDACmd) refers to lpc17xx_libcfg_default.o(i.check_failed) for check_failed
    lpc17xx_uart.o(i.UART_IrDACmd) refers to lpc17xx_uart.o(.constdata) for .constdata
    lpc17xx_uart.o(i.UART_IrDAInvtInputCmd) refers to lpc17xx_libcfg_default.o(i.check_failed) for check_failed
    lpc17xx_uart.o(i.UART_IrDAInvtInputCmd) refers to lpc17xx_uart.o(.constdata) for .constdata
    lpc17xx_uart.o(i.UART_IrDAPulseDivConfig) refers to lpc17xx_libcfg_default.o(i.check_failed) for check_failed
    lpc17xx_uart.o(i.UART_IrDAPulseDivConfig) refers to lpc17xx_uart.o(.constdata) for .constdata
    lpc17xx_uart.o(i.UART_RS485Config) refers to lpc17xx_libcfg_default.o(i.check_failed) for check_failed
    lpc17xx_uart.o(i.UART_RS485Config) refers to lpc17xx_uart.o(.constdata) for .constdata
    lpc17xx_uart.o(i.UART_RS485Send) refers to lpc17xx_uart.o(i.UART_Send) for UART_Send
    lpc17xx_uart.o(i.UART_RS485SendData) refers to lpc17xx_uart.o(i.UART_RS485Send) for UART_RS485Send
    lpc17xx_uart.o(i.UART_RS485SendSlvAddr) refers to lpc17xx_uart.o(i.UART_RS485Send) for UART_RS485Send
    lpc17xx_uart.o(i.UART_Receive) refers to lpc17xx_uart.o(i.UART_ReceiveByte) for UART_ReceiveByte
    lpc17xx_uart.o(i.UART_ReceiveByte) refers to lpc17xx_libcfg_default.o(i.check_failed) for check_failed
    lpc17xx_uart.o(i.UART_ReceiveByte) refers to lpc17xx_uart.o(.constdata) for .constdata
    lpc17xx_uart.o(i.UART_Send) refers to lpc17xx_uart.o(i.UART_SendByte) for UART_SendByte
    lpc17xx_uart.o(i.UART_SendByte) refers to lpc17xx_libcfg_default.o(i.check_failed) for check_failed
    lpc17xx_uart.o(i.UART_SendByte) refers to lpc17xx_uart.o(.constdata) for .constdata
    lpc17xx_uart.o(i.UART_TxCmd) refers to lpc17xx_libcfg_default.o(i.check_failed) for check_failed
    lpc17xx_uart.o(i.UART_TxCmd) refers to lpc17xx_uart.o(.constdata) for .constdata
    lpc17xx_uart.o(i.uart_set_divisors) refers to lpc17xx_clkpwr.o(i.CLKPWR_GetPCLK) for CLKPWR_GetPCLK
    lpc17xx_uart.o(i.uart_set_divisors) refers to uldiv.o(.text) for __aeabi_uldivmod
    lpc17xx_wdt.o(i.WDT_Init) refers to lpc17xx_libcfg_default.o(i.check_failed) for check_failed
    lpc17xx_wdt.o(i.WDT_Init) refers to lpc17xx_clkpwr.o(i.CLKPWR_SetPCLKDiv) for CLKPWR_SetPCLKDiv
    lpc17xx_wdt.o(i.WDT_SetTimeOut) refers to lpc17xx_clkpwr.o(i.CLKPWR_SetPCLKDiv) for CLKPWR_SetPCLKDiv
    lpc17xx_wdt.o(i.WDT_SetTimeOut) refers to system_lpc17xx.o(.data) for SystemCoreClock
    lpc17xx_wdt.o(i.WDT_Start) refers to lpc17xx_wdt.o(i.WDT_SetTimeOut) for WDT_SetTimeOut
    lpc17xx_wdt.o(i.WDT_Start) refers to lpc17xx_wdt.o(i.WDT_Feed) for WDT_Feed
    lpc17xx_wdt.o(i.WDT_UpdateTimeOut) refers to lpc17xx_wdt.o(i.WDT_SetTimeOut) for WDT_SetTimeOut
    lpc17xx_wdt.o(i.WDT_UpdateTimeOut) refers to lpc17xx_wdt.o(i.WDT_Feed) for WDT_Feed
    system_lpc17xx.o(i.SystemCoreClockUpdate) refers to system_lpc17xx.o(.data) for SystemCoreClock
    startup_lpc17xx.o(RESET) refers to startup_lpc17xx.o(STACK) for __initial_sp
    startup_lpc17xx.o(RESET) refers to startup_lpc17xx.o(.text) for Reset_Handler
    startup_lpc17xx.o(.text) refers to system_lpc17xx.o(i.SystemInit) for SystemInit
    startup_lpc17xx.o(.text) refers to entry.o(.ARM.Collect$$$$00000000) for __main
    entry.o(.ARM.Collect$$$$00000000) refers (Special) to entry10a.o(.ARM.Collect$$$$0000000D) for __rt_final_cpp
    entry.o(.ARM.Collect$$$$00000000) refers (Special) to entry11a.o(.ARM.Collect$$$$0000000F) for __rt_final_exit
    entry.o(.ARM.Collect$$$$00000000) refers (Special) to entry7b.o(.ARM.Collect$$$$00000008) for _main_clock
    entry.o(.ARM.Collect$$$$00000000) refers (Special) to entry8b.o(.ARM.Collect$$$$0000000A) for _main_cpp_init
    entry.o(.ARM.Collect$$$$00000000) refers (Special) to entry9a.o(.ARM.Collect$$$$0000000B) for _main_init
    entry.o(.ARM.Collect$$$$00000000) refers (Special) to entry5.o(.ARM.Collect$$$$00000004) for _main_scatterload
    entry.o(.ARM.Collect$$$$00000000) refers (Special) to entry2.o(.ARM.Collect$$$$00000001) for _main_stk
    uldiv.o(.text) refers to llushr.o(.text) for __aeabi_llsr
    uldiv.o(.text) refers to llshl.o(.text) for __aeabi_llsl
    dadd.o(.text) refers (Special) to iusefp.o(.text) for __I$use$fp
    dadd.o(.text) refers to llshl.o(.text) for __aeabi_llsl
    dadd.o(.text) refers to llsshr.o(.text) for __aeabi_lasr
    dadd.o(.text) refers to depilogue.o(.text) for _double_epilogue
    dmul.o(.text) refers (Special) to iusefp.o(.text) for __I$use$fp
    dmul.o(.text) refers to depilogue.o(.text) for _double_epilogue
    ddiv.o(.text) refers (Special) to iusefp.o(.text) for __I$use$fp
    ddiv.o(.text) refers to depilogue.o(.text) for _double_round
    ffltui.o(.text) refers (Special) to iusefp.o(.text) for __I$use$fp
    ffltui.o(.text) refers to fepilogue.o(.text) for _float_epilogue
    dflti.o(.text) refers (Special) to iusefp.o(.text) for __I$use$fp
    dflti.o(.text) refers to depilogue.o(.text) for _double_epilogue
    dfltui.o(.text) refers (Special) to iusefp.o(.text) for __I$use$fp
    dfltui.o(.text) refers to depilogue.o(.text) for _double_epilogue
    dfixui.o(.text) refers (Special) to iusefp.o(.text) for __I$use$fp
    dfixui.o(.text) refers to llushr.o(.text) for __aeabi_llsr
    cdcmple.o(.text) refers (Special) to iusefp.o(.text) for __I$use$fp
    cfrcmple.o(.text) refers (Special) to iusefp.o(.text) for __I$use$fp
    entry2.o(.ARM.Collect$$$$00000001) refers to entry2.o(.ARM.Collect$$$$00002712) for __lit__00000000
    entry2.o(.ARM.Collect$$$$00002712) refers to startup_lpc17xx.o(STACK) for __initial_sp
    entry2.o(__vectab_stack_and_reset_area) refers to startup_lpc17xx.o(STACK) for __initial_sp
    entry2.o(__vectab_stack_and_reset_area) refers to entry.o(.ARM.Collect$$$$00000000) for __main
    entry5.o(.ARM.Collect$$$$00000004) refers to init.o(.text) for __scatterload
    entry9a.o(.ARM.Collect$$$$0000000B) refers to main.o(i.main) for main
    entry9b.o(.ARM.Collect$$$$0000000C) refers to main.o(i.main) for main
    depilogue.o(.text) refers to llshl.o(.text) for __aeabi_llsl
    depilogue.o(.text) refers to llushr.o(.text) for __aeabi_llsr
    init.o(.text) refers to entry5.o(.ARM.Collect$$$$00000004) for __main_after_scatterload


==============================================================================

Removing Unused input sections from the image.

    Removing main.o(.rev16_text), (4 bytes).
    Removing main.o(.revsh_text), (4 bytes).
    Removing glcd.o(.rev16_text), (4 bytes).
    Removing glcd.o(.revsh_text), (4 bytes).
    Removing glcd.o(i.GUI_Chinese), (80 bytes).
    Removing glcd.o(i.LCD_BGR2RGB), (26 bytes).
    Removing glcd.o(i.LCD_GetPoint), (2216 bytes).
    Removing glcd.o(i.PutChinese), (130 bytes).
    Removing hzlib.o(i.GetGBKCode), (52 bytes).
    Removing hzlib.o(.constdata), (216576 bytes).
    Removing touchpanel.o(.rev16_text), (4 bytes).
    Removing touchpanel.o(.revsh_text), (4 bytes).
    Removing debug_frmwrk.o(.rev16_text), (4 bytes).
    Removing debug_frmwrk.o(.revsh_text), (4 bytes).
    Removing debug_frmwrk.o(i.UARTGetChar), (26 bytes).
    Removing debug_frmwrk.o(i.UARTPutChar), (18 bytes).
    Removing debug_frmwrk.o(i.UARTPutDec), (96 bytes).
    Removing debug_frmwrk.o(i.UARTPutDec16), (160 bytes).
    Removing debug_frmwrk.o(i.UARTPutDec32), (300 bytes).
    Removing debug_frmwrk.o(i.UARTPutHex), (72 bytes).
    Removing debug_frmwrk.o(i.UARTPutHex16), (72 bytes).
    Removing debug_frmwrk.o(i.UARTPutHex32), (72 bytes).
    Removing debug_frmwrk.o(i.UARTPuts), (28 bytes).
    Removing debug_frmwrk.o(i.UARTPuts_), (28 bytes).
    Removing debug_frmwrk.o(i.debug_frmwrk_init), (224 bytes).
    Removing debug_frmwrk.o(.data), (40 bytes).
    Removing lpc17xx_adc.o(.rev16_text), (4 bytes).
    Removing lpc17xx_adc.o(.revsh_text), (4 bytes).
    Removing lpc17xx_adc.o(i.ADC_BurstCmd), (112 bytes).
    Removing lpc17xx_adc.o(i.ADC_ChannelCmd), (128 bytes).
    Removing lpc17xx_adc.o(i.ADC_ChannelGetData), (112 bytes).
    Removing lpc17xx_adc.o(i.ADC_ChannelGetStatus), (152 bytes).
    Removing lpc17xx_adc.o(i.ADC_DeInit), (108 bytes).
    Removing lpc17xx_adc.o(i.ADC_EdgeStartConfig), (128 bytes).
    Removing lpc17xx_adc.o(i.ADC_GetData), (24 bytes).
    Removing lpc17xx_adc.o(i.ADC_GlobalGetData), (96 bytes).
    Removing lpc17xx_adc.o(i.ADC_GlobalGetStatus), (136 bytes).
    Removing lpc17xx_adc.o(i.ADC_Init), (168 bytes).
    Removing lpc17xx_adc.o(i.ADC_IntConfig), (160 bytes).
    Removing lpc17xx_adc.o(i.ADC_PowerdownCmd), (112 bytes).
    Removing lpc17xx_adc.o(i.ADC_StartCmd), (148 bytes).
    Removing lpc17xx_can.o(.rev16_text), (4 bytes).
    Removing lpc17xx_can.o(.revsh_text), (4 bytes).
    Removing lpc17xx_can.o(i.CAN_DeInit), (128 bytes).
    Removing lpc17xx_can.o(i.CAN_FullCANIntGetStatus), (104 bytes).
    Removing lpc17xx_can.o(i.CAN_FullCANPendGetStatus), (120 bytes).
    Removing lpc17xx_can.o(i.CAN_GetCRStatus), (136 bytes).
    Removing lpc17xx_can.o(i.CAN_GetCTRLStatus), (156 bytes).
    Removing lpc17xx_can.o(i.CAN_IRQCmd), (248 bytes).
    Removing lpc17xx_can.o(i.CAN_Init), (236 bytes).
    Removing lpc17xx_can.o(i.CAN_IntGetStatus), (104 bytes).
    Removing lpc17xx_can.o(i.CAN_LoadExplicitEntry), (940 bytes).
    Removing lpc17xx_can.o(i.CAN_LoadFullCANEntry), (908 bytes).
    Removing lpc17xx_can.o(i.CAN_LoadGroupEntry), (928 bytes).
    Removing lpc17xx_can.o(i.CAN_ModeConfig), (392 bytes).
    Removing lpc17xx_can.o(i.CAN_ReceiveMsg), (196 bytes).
    Removing lpc17xx_can.o(i.CAN_RemoveEntry), (1308 bytes).
    Removing lpc17xx_can.o(i.CAN_SendMsg), (600 bytes).
    Removing lpc17xx_can.o(i.CAN_SetAFMode), (164 bytes).
    Removing lpc17xx_can.o(i.CAN_SetCommand), (112 bytes).
    Removing lpc17xx_can.o(i.CAN_SetupAFLUT), (1792 bytes).
    Removing lpc17xx_can.o(i.FCAN_ReadObj), (296 bytes).
    Removing lpc17xx_can.o(i.can_SetBaudrate), (252 bytes).
    Removing lpc17xx_can.o(.data), (11 bytes).
    Removing lpc17xx_clkpwr.o(.rev16_text), (4 bytes).
    Removing lpc17xx_clkpwr.o(.revsh_text), (4 bytes).
    Removing lpc17xx_clkpwr.o(i.CLKPWR_DeepPowerDown), (24 bytes).
    Removing lpc17xx_clkpwr.o(i.CLKPWR_DeepSleep), (24 bytes).
    Removing lpc17xx_clkpwr.o(i.CLKPWR_PowerDown), (24 bytes).
    Removing lpc17xx_clkpwr.o(i.CLKPWR_SetPCLKDiv), (120 bytes).
    Removing lpc17xx_clkpwr.o(i.CLKPWR_Sleep), (16 bytes).
    Removing lpc17xx_dac.o(.rev16_text), (4 bytes).
    Removing lpc17xx_dac.o(.revsh_text), (4 bytes).
    Removing lpc17xx_dac.o(i.DAC_ConfigDAConverterControl), (136 bytes).
    Removing lpc17xx_dac.o(i.DAC_Init), (100 bytes).
    Removing lpc17xx_dac.o(i.DAC_SetBias), (108 bytes).
    Removing lpc17xx_dac.o(i.DAC_SetDMATimeOut), (96 bytes).
    Removing lpc17xx_dac.o(i.DAC_UpdateValue), (108 bytes).
    Removing lpc17xx_emac.o(.rev16_text), (4 bytes).
    Removing lpc17xx_emac.o(.revsh_text), (4 bytes).
    Removing lpc17xx_emac.o(i.EMAC_CheckPHYStatus), (66 bytes).
    Removing lpc17xx_emac.o(i.EMAC_CheckReceiveDataStatus), (32 bytes).
    Removing lpc17xx_emac.o(i.EMAC_CheckReceiveIndex), (28 bytes).
    Removing lpc17xx_emac.o(i.EMAC_CheckTransmitIndex), (32 bytes).
    Removing lpc17xx_emac.o(i.EMAC_DeInit), (32 bytes).
    Removing lpc17xx_emac.o(i.EMAC_GetReceiveDataSize), (24 bytes).
    Removing lpc17xx_emac.o(i.EMAC_GetWoLStatus), (32 bytes).
    Removing lpc17xx_emac.o(i.EMAC_Init), (324 bytes).
    Removing lpc17xx_emac.o(i.EMAC_IntCmd), (32 bytes).
    Removing lpc17xx_emac.o(i.EMAC_IntGetStatus), (28 bytes).
    Removing lpc17xx_emac.o(i.EMAC_ReadPacketBuffer), (48 bytes).
    Removing lpc17xx_emac.o(i.EMAC_SetFilterMode), (44 bytes).
    Removing lpc17xx_emac.o(i.EMAC_SetHashFilter), (104 bytes).
    Removing lpc17xx_emac.o(i.EMAC_SetPHYMode), (188 bytes).
    Removing lpc17xx_emac.o(i.EMAC_UpdatePHYStatus), (124 bytes).
    Removing lpc17xx_emac.o(i.EMAC_UpdateRxConsumeIndex), (28 bytes).
    Removing lpc17xx_emac.o(i.EMAC_UpdateTxProduceIndex), (28 bytes).
    Removing lpc17xx_emac.o(i.EMAC_WritePacketBuffer), (64 bytes).
    Removing lpc17xx_emac.o(i.emac_CRCCalc), (160 bytes).
    Removing lpc17xx_emac.o(i.read_PHY), (62 bytes).
    Removing lpc17xx_emac.o(i.rx_descr_init), (112 bytes).
    Removing lpc17xx_emac.o(i.setEmacAddr), (44 bytes).
    Removing lpc17xx_emac.o(i.tx_descr_init), (100 bytes).
    Removing lpc17xx_emac.o(i.write_PHY), (54 bytes).
    Removing lpc17xx_emac.o(.bss), (10852 bytes).
    Removing lpc17xx_emac.o(.constdata), (7 bytes).
    Removing lpc17xx_exti.o(.rev16_text), (4 bytes).
    Removing lpc17xx_exti.o(.revsh_text), (4 bytes).
    Removing lpc17xx_exti.o(i.EXTI_ClearEXTIFlag), (32 bytes).
    Removing lpc17xx_exti.o(i.EXTI_Config), (32 bytes).
    Removing lpc17xx_exti.o(i.EXTI_DeInit), (2 bytes).
    Removing lpc17xx_exti.o(i.EXTI_Init), (36 bytes).
    Removing lpc17xx_exti.o(i.EXTI_SetMode), (60 bytes).
    Removing lpc17xx_exti.o(i.EXTI_SetPolarity), (60 bytes).
    Removing lpc17xx_gpdma.o(.rev16_text), (4 bytes).
    Removing lpc17xx_gpdma.o(.revsh_text), (4 bytes).
    Removing lpc17xx_gpdma.o(i.GPDMA_ChannelCmd), (36 bytes).
    Removing lpc17xx_gpdma.o(i.GPDMA_ClearIntPending), (80 bytes).
    Removing lpc17xx_gpdma.o(i.GPDMA_Init), (92 bytes).
    Removing lpc17xx_gpdma.o(i.GPDMA_IntGetStatus), (216 bytes).
    Removing lpc17xx_gpdma.o(i.GPDMA_Setup), (592 bytes).
    Removing lpc17xx_gpdma.o(.constdata), (212 bytes).
    Removing lpc17xx_gpdma.o(.data), (32 bytes).
    Removing lpc17xx_gpio.o(.rev16_text), (4 bytes).
    Removing lpc17xx_gpio.o(.revsh_text), (4 bytes).
    Removing lpc17xx_gpio.o(i.FIO_ByteClearValue), (34 bytes).
    Removing lpc17xx_gpio.o(i.FIO_ByteGetPointer), (56 bytes).
    Removing lpc17xx_gpio.o(i.FIO_ByteReadValue), (32 bytes).
    Removing lpc17xx_gpio.o(i.FIO_ByteSetDir), (50 bytes).
    Removing lpc17xx_gpio.o(i.FIO_ByteSetMask), (66 bytes).
    Removing lpc17xx_gpio.o(i.FIO_ByteSetValue), (34 bytes).
    Removing lpc17xx_gpio.o(i.FIO_ClearInt), (16 bytes).
    Removing lpc17xx_gpio.o(i.FIO_ClearValue), (16 bytes).
    Removing lpc17xx_gpio.o(i.FIO_GetIntStatus), (20 bytes).
    Removing lpc17xx_gpio.o(i.FIO_HalfWordClearValue), (32 bytes).
    Removing lpc17xx_gpio.o(i.FIO_HalfWordGetPointer), (56 bytes).
    Removing lpc17xx_gpio.o(i.FIO_HalfWordReadValue), (30 bytes).
    Removing lpc17xx_gpio.o(i.FIO_HalfWordSetDir), (62 bytes).
    Removing lpc17xx_gpio.o(i.FIO_HalfWordSetMask), (62 bytes).
    Removing lpc17xx_gpio.o(i.FIO_HalfWordSetValue), (32 bytes).
    Removing lpc17xx_gpio.o(i.FIO_IntCmd), (20 bytes).
    Removing lpc17xx_gpio.o(i.FIO_ReadValue), (12 bytes).
    Removing lpc17xx_gpio.o(i.FIO_SetDir), (20 bytes).
    Removing lpc17xx_gpio.o(i.FIO_SetMask), (40 bytes).
    Removing lpc17xx_gpio.o(i.FIO_SetValue), (16 bytes).
    Removing lpc17xx_gpio.o(i.GPIO_ClearInt), (32 bytes).
    Removing lpc17xx_gpio.o(i.GPIO_ClearValue), (20 bytes).
    Removing lpc17xx_gpio.o(i.GPIO_GetIntStatus), (104 bytes).
    Removing lpc17xx_gpio.o(i.GPIO_IntCmd), (72 bytes).
    Removing lpc17xx_gpio.o(i.GPIO_ReadValue), (22 bytes).
    Removing lpc17xx_i2c.o(.rev16_text), (4 bytes).
    Removing lpc17xx_i2c.o(.revsh_text), (4 bytes).
    Removing lpc17xx_i2c.o(i.I2C_Cmd), (148 bytes).
    Removing lpc17xx_i2c.o(i.I2C_DeInit), (168 bytes).
    Removing lpc17xx_i2c.o(i.I2C_GetByte), (42 bytes).
    Removing lpc17xx_i2c.o(i.I2C_Init), (204 bytes).
    Removing lpc17xx_i2c.o(i.I2C_IntCmd), (104 bytes).
    Removing lpc17xx_i2c.o(i.I2C_MasterHandler), (524 bytes).
    Removing lpc17xx_i2c.o(i.I2C_MasterTransferComplete), (36 bytes).
    Removing lpc17xx_i2c.o(i.I2C_MasterTransferData), (504 bytes).
    Removing lpc17xx_i2c.o(i.I2C_MonitorGetDatabuffer), (116 bytes).
    Removing lpc17xx_i2c.o(i.I2C_MonitorHandler), (44 bytes).
    Removing lpc17xx_i2c.o(i.I2C_MonitorModeCmd), (176 bytes).
    Removing lpc17xx_i2c.o(i.I2C_MonitorModeConfig), (164 bytes).
    Removing lpc17xx_i2c.o(i.I2C_SendByte), (40 bytes).
    Removing lpc17xx_i2c.o(i.I2C_SetClock), (176 bytes).
    Removing lpc17xx_i2c.o(i.I2C_SetOwnSlaveAddr), (248 bytes).
    Removing lpc17xx_i2c.o(i.I2C_SlaveHandler), (296 bytes).
    Removing lpc17xx_i2c.o(i.I2C_SlaveTransferComplete), (36 bytes).
    Removing lpc17xx_i2c.o(i.I2C_SlaveTransferData), (348 bytes).
    Removing lpc17xx_i2c.o(i.I2C_Start), (32 bytes).
    Removing lpc17xx_i2c.o(i.I2C_Stop), (22 bytes).
    Removing lpc17xx_i2c.o(i.I2C_getNum), (52 bytes).
    Removing lpc17xx_i2c.o(i.NVIC_DisableIRQ), (24 bytes).
    Removing lpc17xx_i2c.o(i.NVIC_EnableIRQ), (24 bytes).
    Removing lpc17xx_i2c.o(.bss), (48 bytes).
    Removing lpc17xx_i2c.o(.data), (4 bytes).
    Removing lpc17xx_i2s.o(.rev16_text), (4 bytes).
    Removing lpc17xx_i2s.o(.revsh_text), (4 bytes).
    Removing lpc17xx_i2s.o(i.I2S_Config), (284 bytes).
    Removing lpc17xx_i2s.o(i.I2S_DMACmd), (260 bytes).
    Removing lpc17xx_i2s.o(i.I2S_DMAConfig), (204 bytes).
    Removing lpc17xx_i2s.o(i.I2S_DeInit), (100 bytes).
    Removing lpc17xx_i2s.o(i.I2S_FreqConfig), (240 bytes).
    Removing lpc17xx_i2s.o(i.I2S_GetIRQDepth), (112 bytes).
    Removing lpc17xx_i2s.o(i.I2S_GetIRQStatus), (112 bytes).
    Removing lpc17xx_i2s.o(i.I2S_GetLevel), (124 bytes).
    Removing lpc17xx_i2s.o(i.I2S_IRQCmd), (164 bytes).
    Removing lpc17xx_i2s.o(i.I2S_IRQConfig), (152 bytes).
    Removing lpc17xx_i2s.o(i.I2S_Init), (108 bytes).
    Removing lpc17xx_i2s.o(i.I2S_ModeConfig), (284 bytes).
    Removing lpc17xx_i2s.o(i.I2S_Mute), (132 bytes).
    Removing lpc17xx_i2s.o(i.I2S_Pause), (128 bytes).
    Removing lpc17xx_i2s.o(i.I2S_Receive), (92 bytes).
    Removing lpc17xx_i2s.o(i.I2S_Send), (96 bytes).
    Removing lpc17xx_i2s.o(i.I2S_SetBitRate), (140 bytes).
    Removing lpc17xx_i2s.o(i.I2S_Start), (42 bytes).
    Removing lpc17xx_i2s.o(i.I2S_Stop), (156 bytes).
    Removing lpc17xx_i2s.o(i.i2s_GetChannel), (136 bytes).
    Removing lpc17xx_i2s.o(i.i2s_GetWordWidth), (144 bytes).
    Removing lpc17xx_mcpwm.o(.rev16_text), (4 bytes).
    Removing lpc17xx_mcpwm.o(.revsh_text), (4 bytes).
    Removing lpc17xx_mcpwm.o(i.MCPWM_ACMode), (18 bytes).
    Removing lpc17xx_mcpwm.o(i.MCPWM_ClearCapture), (16 bytes).
    Removing lpc17xx_mcpwm.o(i.MCPWM_ConfigCapture), (260 bytes).
    Removing lpc17xx_mcpwm.o(i.MCPWM_ConfigChannel), (302 bytes).
    Removing lpc17xx_mcpwm.o(i.MCPWM_CountConfig), (236 bytes).
    Removing lpc17xx_mcpwm.o(i.MCPWM_DCMode), (38 bytes).
    Removing lpc17xx_mcpwm.o(i.MCPWM_GetCapture), (28 bytes).
    Removing lpc17xx_mcpwm.o(i.MCPWM_GetIntStatus), (16 bytes).
    Removing lpc17xx_mcpwm.o(i.MCPWM_Init), (26 bytes).
    Removing lpc17xx_mcpwm.o(i.MCPWM_IntClear), (4 bytes).
    Removing lpc17xx_mcpwm.o(i.MCPWM_IntConfig), (10 bytes).
    Removing lpc17xx_mcpwm.o(i.MCPWM_IntSet), (4 bytes).
    Removing lpc17xx_mcpwm.o(i.MCPWM_Start), (42 bytes).
    Removing lpc17xx_mcpwm.o(i.MCPWM_Stop), (42 bytes).
    Removing lpc17xx_mcpwm.o(i.MCPWM_WriteToShadow), (40 bytes).
    Removing lpc17xx_nvic.o(.rev16_text), (4 bytes).
    Removing lpc17xx_nvic.o(.revsh_text), (4 bytes).
    Removing lpc17xx_nvic.o(i.NVIC_DeInit), (76 bytes).
    Removing lpc17xx_nvic.o(i.NVIC_SCBDeInit), (84 bytes).
    Removing lpc17xx_nvic.o(i.NVIC_SetVTOR), (12 bytes).
    Removing lpc17xx_pinsel.o(.rev16_text), (4 bytes).
    Removing lpc17xx_pinsel.o(.revsh_text), (4 bytes).
    Removing lpc17xx_pinsel.o(i.PINSEL_ConfigTraceFunc), (40 bytes).
    Removing lpc17xx_pinsel.o(i.PINSEL_SetI2C0Pins), (20 bytes).
    Removing lpc17xx_pwm.o(.rev16_text), (4 bytes).
    Removing lpc17xx_pwm.o(.revsh_text), (4 bytes).
    Removing lpc17xx_pwm.o(i.PWM_ChannelCmd), (184 bytes).
    Removing lpc17xx_pwm.o(i.PWM_ChannelConfig), (188 bytes).
    Removing lpc17xx_pwm.o(i.PWM_ClearIntPending), (148 bytes).
    Removing lpc17xx_pwm.o(i.PWM_Cmd), (132 bytes).
    Removing lpc17xx_pwm.o(i.PWM_ConfigCapture), (352 bytes).
    Removing lpc17xx_pwm.o(i.PWM_ConfigMatch), (360 bytes).
    Removing lpc17xx_pwm.o(i.PWM_ConfigStructInit), (120 bytes).
    Removing lpc17xx_pwm.o(i.PWM_CounterCmd), (136 bytes).
    Removing lpc17xx_pwm.o(i.PWM_DeInit), (104 bytes).
    Removing lpc17xx_pwm.o(i.PWM_GetCaptureValue), (132 bytes).
    Removing lpc17xx_pwm.o(i.PWM_GetIntStatus), (156 bytes).
    Removing lpc17xx_pwm.o(i.PWM_Init), (328 bytes).
    Removing lpc17xx_pwm.o(i.PWM_MatchUpdate), (224 bytes).
    Removing lpc17xx_pwm.o(i.PWM_MultiMatchUpdate), (212 bytes).
    Removing lpc17xx_pwm.o(i.PWM_ResetCounter), (108 bytes).
    Removing lpc17xx_qei.o(.rev16_text), (4 bytes).
    Removing lpc17xx_qei.o(.revsh_text), (4 bytes).
    Removing lpc17xx_qei.o(i.QEI_CalculateRPM), (148 bytes).
    Removing lpc17xx_qei.o(i.QEI_ConfigStructInit), (36 bytes).
    Removing lpc17xx_qei.o(i.QEI_DeInit), (100 bytes).
    Removing lpc17xx_qei.o(i.QEI_GetIndex), (92 bytes).
    Removing lpc17xx_qei.o(i.QEI_GetIntStatus), (184 bytes).
    Removing lpc17xx_qei.o(i.QEI_GetPosition), (92 bytes).
    Removing lpc17xx_qei.o(i.QEI_GetStatus), (120 bytes).
    Removing lpc17xx_qei.o(i.QEI_GetTimer), (96 bytes).
    Removing lpc17xx_qei.o(i.QEI_GetVelocity), (96 bytes).
    Removing lpc17xx_qei.o(i.QEI_GetVelocityCap), (96 bytes).
    Removing lpc17xx_qei.o(i.QEI_Init), (256 bytes).
    Removing lpc17xx_qei.o(i.QEI_IntClear), (176 bytes).
    Removing lpc17xx_qei.o(i.QEI_IntCmd), (208 bytes).
    Removing lpc17xx_qei.o(i.QEI_IntSet), (176 bytes).
    Removing lpc17xx_qei.o(i.QEI_Reset), (120 bytes).
    Removing lpc17xx_qei.o(i.QEI_SetDigiFilter), (96 bytes).
    Removing lpc17xx_qei.o(i.QEI_SetIndexComp), (96 bytes).
    Removing lpc17xx_qei.o(i.QEI_SetMaxPosition), (96 bytes).
    Removing lpc17xx_qei.o(i.QEI_SetPositionComp), (128 bytes).
    Removing lpc17xx_qei.o(i.QEI_SetTimerReload), (176 bytes).
    Removing lpc17xx_qei.o(i.QEI_SetVelocityComp), (96 bytes).
    Removing lpc17xx_rit.o(.rev16_text), (4 bytes).
    Removing lpc17xx_rit.o(.revsh_text), (4 bytes).
    Removing lpc17xx_rit.o(i.RIT_Cmd), (132 bytes).
    Removing lpc17xx_rit.o(i.RIT_DeInit), (120 bytes).
    Removing lpc17xx_rit.o(i.RIT_GetIntStatus), (116 bytes).
    Removing lpc17xx_rit.o(i.RIT_Init), (116 bytes).
    Removing lpc17xx_rit.o(i.RIT_TimerConfig), (128 bytes).
    Removing lpc17xx_rit.o(i.RIT_TimerDebugCmd), (132 bytes).
    Removing lpc17xx_rtc.o(.rev16_text), (4 bytes).
    Removing lpc17xx_rtc.o(.revsh_text), (4 bytes).
    Removing lpc17xx_rtc.o(i.RTC_AlarmIntConfig), (352 bytes).
    Removing lpc17xx_rtc.o(i.RTC_CalibConfig), (152 bytes).
    Removing lpc17xx_rtc.o(i.RTC_CalibCounterCmd), (136 bytes).
    Removing lpc17xx_rtc.o(i.RTC_ClearIntPending), (120 bytes).
    Removing lpc17xx_rtc.o(i.RTC_Cmd), (132 bytes).
    Removing lpc17xx_rtc.o(i.RTC_CntIncrIntConfig), (352 bytes).
    Removing lpc17xx_rtc.o(i.RTC_DeInit), (104 bytes).
    Removing lpc17xx_rtc.o(i.RTC_GetAlarmTime), (102 bytes).
    Removing lpc17xx_rtc.o(i.RTC_GetFullAlarmTime), (168 bytes).
    Removing lpc17xx_rtc.o(i.RTC_GetFullTime), (168 bytes).
    Removing lpc17xx_rtc.o(i.RTC_GetIntPending), (128 bytes).
    Removing lpc17xx_rtc.o(i.RTC_GetTime), (232 bytes).
    Removing lpc17xx_rtc.o(i.RTC_Init), (116 bytes).
    Removing lpc17xx_rtc.o(i.RTC_ReadGPREG), (132 bytes).
    Removing lpc17xx_rtc.o(i.RTC_ResetClockTickCounter), (108 bytes).
    Removing lpc17xx_rtc.o(i.RTC_SetAlarmTime), (332 bytes).
    Removing lpc17xx_rtc.o(i.RTC_SetFullAlarmTime), (168 bytes).
    Removing lpc17xx_rtc.o(i.RTC_SetFullTime), (168 bytes).
    Removing lpc17xx_rtc.o(i.RTC_SetTime), (372 bytes).
    Removing lpc17xx_rtc.o(i.RTC_WriteGPREG), (132 bytes).
    Removing lpc17xx_spi.o(.rev16_text), (4 bytes).
    Removing lpc17xx_spi.o(.revsh_text), (4 bytes).
    Removing lpc17xx_spi.o(i.SPI_CheckStatus), (116 bytes).
    Removing lpc17xx_spi.o(i.SPI_ClearIntPending), (96 bytes).
    Removing lpc17xx_spi.o(i.SPI_ConfigStructInit), (32 bytes).
    Removing lpc17xx_spi.o(i.SPI_DeInit), (104 bytes).
    Removing lpc17xx_spi.o(i.SPI_GetDataSize), (96 bytes).
    Removing lpc17xx_spi.o(i.SPI_GetIntStatus), (100 bytes).
    Removing lpc17xx_spi.o(i.SPI_GetStatus), (100 bytes).
    Removing lpc17xx_spi.o(i.SPI_Init), (164 bytes).
    Removing lpc17xx_spi.o(i.SPI_IntCmd), (136 bytes).
    Removing lpc17xx_spi.o(i.SPI_ReadWrite), (320 bytes).
    Removing lpc17xx_spi.o(i.SPI_ReceiveData), (96 bytes).
    Removing lpc17xx_spi.o(i.SPI_SendData), (96 bytes).
    Removing lpc17xx_spi.o(i.SPI_SetClock), (148 bytes).
    Removing lpc17xx_ssp.o(.rev16_text), (4 bytes).
    Removing lpc17xx_ssp.o(.revsh_text), (4 bytes).
    Removing lpc17xx_ssp.o(i.SSP_ClearIntPending), (128 bytes).
    Removing lpc17xx_ssp.o(i.SSP_DMACmd), (168 bytes).
    Removing lpc17xx_ssp.o(i.SSP_DeInit), (132 bytes).
    Removing lpc17xx_ssp.o(i.SSP_GetDataSize), (108 bytes).
    Removing lpc17xx_ssp.o(i.SSP_GetIntStatus), (144 bytes).
    Removing lpc17xx_ssp.o(i.SSP_GetRawIntStatus), (144 bytes).
    Removing lpc17xx_ssp.o(i.SSP_GetRawIntStatusReg), (104 bytes).
    Removing lpc17xx_ssp.o(i.SSP_IntConfig), (128 bytes).
    Removing lpc17xx_ssp.o(i.SSP_LoopBackCmd), (140 bytes).
    Removing lpc17xx_ssp.o(i.SSP_ReadWrite), (548 bytes).
    Removing lpc17xx_ssp.o(i.SSP_SlaveOutputCmd), (144 bytes).
    Removing lpc17xx_systick.o(.rev16_text), (4 bytes).
    Removing lpc17xx_systick.o(.revsh_text), (4 bytes).
    Removing lpc17xx_systick.o(i.SYSTICK_ClearCounterFlag), (18 bytes).
    Removing lpc17xx_systick.o(i.SYSTICK_Cmd), (64 bytes).
    Removing lpc17xx_systick.o(i.SYSTICK_ExternalInit), (110 bytes).
    Removing lpc17xx_systick.o(i.SYSTICK_GetCurrentValue), (8 bytes).
    Removing lpc17xx_systick.o(i.SYSTICK_IntCmd), (64 bytes).
    Removing lpc17xx_systick.o(i.SYSTICK_InternalInit), (96 bytes).
    Removing lpc17xx_systick.o(.constdata), (68 bytes).
    Removing lpc17xx_timer.o(.rev16_text), (4 bytes).
    Removing lpc17xx_timer.o(.revsh_text), (4 bytes).
    Removing lpc17xx_timer.o(i.TIM_ClearIntCapturePending), (100 bytes).
    Removing lpc17xx_timer.o(i.TIM_ClearIntPending), (96 bytes).
    Removing lpc17xx_timer.o(i.TIM_Cmd), (84 bytes).
    Removing lpc17xx_timer.o(i.TIM_ConfigCapture), (140 bytes).
    Removing lpc17xx_timer.o(i.TIM_ConfigMatch), (264 bytes).
    Removing lpc17xx_timer.o(i.TIM_ConfigStructInit), (22 bytes).
    Removing lpc17xx_timer.o(i.TIM_DeInit), (128 bytes).
    Removing lpc17xx_timer.o(i.TIM_GetCaptureValue), (88 bytes).
    Removing lpc17xx_timer.o(i.TIM_GetIntCaptureStatus), (112 bytes).
    Removing lpc17xx_timer.o(i.TIM_GetIntStatus), (108 bytes).
    Removing lpc17xx_timer.o(i.TIM_Init), (288 bytes).
    Removing lpc17xx_timer.o(i.TIM_ResetCounter), (76 bytes).
    Removing lpc17xx_timer.o(i.TIM_UpdateMatchValue), (100 bytes).
    Removing lpc17xx_timer.o(i.converPtrToTimeNum), (60 bytes).
    Removing lpc17xx_timer.o(i.converUSecToVal), (56 bytes).
    Removing lpc17xx_timer.o(i.getPClock), (66 bytes).
    Removing lpc17xx_timer.o(.constdata), (68 bytes).
    Removing lpc17xx_uart.o(.rev16_text), (4 bytes).
    Removing lpc17xx_uart.o(.revsh_text), (4 bytes).
    Removing lpc17xx_uart.o(i.UART_ABClearIntPending), (84 bytes).
    Removing lpc17xx_uart.o(i.UART_ABCmd), (208 bytes).
    Removing lpc17xx_uart.o(i.UART_CheckBusy), (18 bytes).
    Removing lpc17xx_uart.o(i.UART_ConfigStructInit), (18 bytes).
    Removing lpc17xx_uart.o(i.UART_DeInit), (132 bytes).
    Removing lpc17xx_uart.o(i.UART_FIFOConfig), (264 bytes).
    Removing lpc17xx_uart.o(i.UART_FIFOConfigStructInit), (14 bytes).
    Removing lpc17xx_uart.o(i.UART_ForceBreak), (88 bytes).
    Removing lpc17xx_uart.o(i.UART_FullModemConfigMode), (132 bytes).
    Removing lpc17xx_uart.o(i.UART_FullModemForcePinState), (120 bytes).
    Removing lpc17xx_uart.o(i.UART_FullModemGetStatus), (36 bytes).
    Removing lpc17xx_uart.o(i.UART_GetIntId), (72 bytes).
    Removing lpc17xx_uart.o(i.UART_GetLineStatus), (76 bytes).
    Removing lpc17xx_uart.o(i.UART_Init), (504 bytes).
    Removing lpc17xx_uart.o(i.UART_IntConfig), (272 bytes).
    Removing lpc17xx_uart.o(i.UART_IrDACmd), (84 bytes).
    Removing lpc17xx_uart.o(i.UART_IrDAInvtInputCmd), (84 bytes).
    Removing lpc17xx_uart.o(i.UART_IrDAPulseDivConfig), (108 bytes).
    Removing lpc17xx_uart.o(i.UART_RS485Config), (292 bytes).
    Removing lpc17xx_uart.o(i.UART_RS485ReceiverCmd), (32 bytes).
    Removing lpc17xx_uart.o(i.UART_RS485Send), (84 bytes).
    Removing lpc17xx_uart.o(i.UART_RS485SendData), (22 bytes).
    Removing lpc17xx_uart.o(i.UART_RS485SendSlvAddr), (18 bytes).
    Removing lpc17xx_uart.o(i.UART_Receive), (122 bytes).
    Removing lpc17xx_uart.o(i.UART_ReceiveByte), (76 bytes).
    Removing lpc17xx_uart.o(i.UART_Send), (150 bytes).
    Removing lpc17xx_uart.o(i.UART_SendByte), (76 bytes).
    Removing lpc17xx_uart.o(i.UART_TxCmd), (148 bytes).
    Removing lpc17xx_uart.o(i.uart_set_divisors), (480 bytes).
    Removing lpc17xx_uart.o(.constdata), (68 bytes).
    Removing lpc17xx_wdt.o(.rev16_text), (4 bytes).
    Removing lpc17xx_wdt.o(.revsh_text), (4 bytes).
    Removing lpc17xx_wdt.o(i.WDT_ClrTimeOutFlag), (18 bytes).
    Removing lpc17xx_wdt.o(i.WDT_Feed), (16 bytes).
    Removing lpc17xx_wdt.o(i.WDT_GetCurrentCount), (8 bytes).
    Removing lpc17xx_wdt.o(i.WDT_Init), (152 bytes).
    Removing lpc17xx_wdt.o(i.WDT_ReadTimeOutFlag), (12 bytes).
    Removing lpc17xx_wdt.o(i.WDT_SetTimeOut), (236 bytes).
    Removing lpc17xx_wdt.o(i.WDT_Start), (44 bytes).
    Removing lpc17xx_wdt.o(i.WDT_UpdateTimeOut), (28 bytes).
    Removing system_lpc17xx.o(.rev16_text), (4 bytes).
    Removing system_lpc17xx.o(.revsh_text), (4 bytes).
    Removing system_lpc17xx.o(i.SystemCoreClockUpdate), (340 bytes).
    Removing startup_lpc17xx.o(HEAP), (0 bytes).
    Removing ffltui.o(.text), (10 bytes).
    Removing cfrcmple.o(.text), (20 bytes).
    Removing fepilogue.o(.text), (108 bytes).

401 unused section(s) (total 275738 bytes) removed from the image.

==============================================================================

Image Symbol Table

    Local Symbols

    Symbol Name                              Value     Ov Type        Size  Object(Section)

    RESET                                    0x00000000   Section      204  startup_lpc17xx.o(RESET)
    ../clib/microlib/division.c              0x00000000   Number         0  uldiv.o ABSOLUTE
    ../clib/microlib/init/entry.s            0x00000000   Number         0  entry9b.o ABSOLUTE
    ../clib/microlib/init/entry.s            0x00000000   Number         0  entry2.o ABSOLUTE
    ../clib/microlib/init/entry.s            0x00000000   Number         0  entry5.o ABSOLUTE
    ../clib/microlib/init/entry.s            0x00000000   Number         0  entry.o ABSOLUTE
    ../clib/microlib/init/entry.s            0x00000000   Number         0  entry7a.o ABSOLUTE
    ../clib/microlib/init/entry.s            0x00000000   Number         0  entry7b.o ABSOLUTE
    ../clib/microlib/init/entry.s            0x00000000   Number         0  entry8a.o ABSOLUTE
    ../clib/microlib/init/entry.s            0x00000000   Number         0  entry8b.o ABSOLUTE
    ../clib/microlib/init/entry.s            0x00000000   Number         0  entry9a.o ABSOLUTE
    ../clib/microlib/init/entry.s            0x00000000   Number         0  entry10a.o ABSOLUTE
    ../clib/microlib/init/entry.s            0x00000000   Number         0  entry10b.o ABSOLUTE
    ../clib/microlib/init/entry.s            0x00000000   Number         0  entry11a.o ABSOLUTE
    ../clib/microlib/init/entry.s            0x00000000   Number         0  entry11b.o ABSOLUTE
    ../clib/microlib/longlong.c              0x00000000   Number         0  llshl.o ABSOLUTE
    ../clib/microlib/longlong.c              0x00000000   Number         0  llsshr.o ABSOLUTE
    ../clib/microlib/longlong.c              0x00000000   Number         0  llushr.o ABSOLUTE
    ../clib/microlib/string/memcpy.c         0x00000000   Number         0  memcpyb.o ABSOLUTE
    ../clib/microlib/string/memcpy.c         0x00000000   Number         0  memcpya.o ABSOLUTE
    ../clib/microlib/string/memset.c         0x00000000   Number         0  memseta.o ABSOLUTE
    ../clib/microlib/stubs.s                 0x00000000   Number         0  iusefp.o ABSOLUTE
    ../fplib/microlib/fpadd.c                0x00000000   Number         0  dadd.o ABSOLUTE
    ../fplib/microlib/fpdiv.c                0x00000000   Number         0  ddiv.o ABSOLUTE
    ../fplib/microlib/fpepilogue.c           0x00000000   Number         0  fepilogue.o ABSOLUTE
    ../fplib/microlib/fpepilogue.c           0x00000000   Number         0  depilogue.o ABSOLUTE
    ../fplib/microlib/fpfix.c                0x00000000   Number         0  dfixui.o ABSOLUTE
    ../fplib/microlib/fpflt.c                0x00000000   Number         0  dflti.o ABSOLUTE
    ../fplib/microlib/fpflt.c                0x00000000   Number         0  ffltui.o ABSOLUTE
    ../fplib/microlib/fpflt.c                0x00000000   Number         0  dfltui.o ABSOLUTE
    ../fplib/microlib/fpmul.c                0x00000000   Number         0  dmul.o ABSOLUTE
    ..\Libraries\CM3\CoreSupport\core_cm3.c  0x00000000   Number         0  core_cm3.o ABSOLUTE
    ..\Libraries\CM3\DeviceSupport\NXP\LPC17xx\startup\arm\startup_LPC17xx.s 0x00000000   Number         0  startup_lpc17xx.o ABSOLUTE
    ..\Libraries\CM3\DeviceSupport\NXP\LPC17xx\system_LPC17xx.c 0x00000000   Number         0  system_lpc17xx.o ABSOLUTE
    ..\Libraries\LPC1700CMSIS_Firmware_Library\source\debug_frmwrk.c 0x00000000   Number         0  debug_frmwrk.o ABSOLUTE
    ..\Libraries\LPC1700CMSIS_Firmware_Library\source\lpc17xx_adc.c 0x00000000   Number         0  lpc17xx_adc.o ABSOLUTE
    ..\Libraries\LPC1700CMSIS_Firmware_Library\source\lpc17xx_can.c 0x00000000   Number         0  lpc17xx_can.o ABSOLUTE
    ..\Libraries\LPC1700CMSIS_Firmware_Library\source\lpc17xx_clkpwr.c 0x00000000   Number         0  lpc17xx_clkpwr.o ABSOLUTE
    ..\Libraries\LPC1700CMSIS_Firmware_Library\source\lpc17xx_dac.c 0x00000000   Number         0  lpc17xx_dac.o ABSOLUTE
    ..\Libraries\LPC1700CMSIS_Firmware_Library\source\lpc17xx_emac.c 0x00000000   Number         0  lpc17xx_emac.o ABSOLUTE
    ..\Libraries\LPC1700CMSIS_Firmware_Library\source\lpc17xx_exti.c 0x00000000   Number         0  lpc17xx_exti.o ABSOLUTE
    ..\Libraries\LPC1700CMSIS_Firmware_Library\source\lpc17xx_gpdma.c 0x00000000   Number         0  lpc17xx_gpdma.o ABSOLUTE
    ..\Libraries\LPC1700CMSIS_Firmware_Library\source\lpc17xx_gpio.c 0x00000000   Number         0  lpc17xx_gpio.o ABSOLUTE
    ..\Libraries\LPC1700CMSIS_Firmware_Library\source\lpc17xx_i2c.c 0x00000000   Number         0  lpc17xx_i2c.o ABSOLUTE
    ..\Libraries\LPC1700CMSIS_Firmware_Library\source\lpc17xx_i2s.c 0x00000000   Number         0  lpc17xx_i2s.o ABSOLUTE
    ..\Libraries\LPC1700CMSIS_Firmware_Library\source\lpc17xx_libcfg_default.c 0x00000000   Number         0  lpc17xx_libcfg_default.o ABSOLUTE
    ..\Libraries\LPC1700CMSIS_Firmware_Library\source\lpc17xx_mcpwm.c 0x00000000   Number         0  lpc17xx_mcpwm.o ABSOLUTE
    ..\Libraries\LPC1700CMSIS_Firmware_Library\source\lpc17xx_nvic.c 0x00000000   Number         0  lpc17xx_nvic.o ABSOLUTE
    ..\Libraries\LPC1700CMSIS_Firmware_Library\source\lpc17xx_pinsel.c 0x00000000   Number         0  lpc17xx_pinsel.o ABSOLUTE
    ..\Libraries\LPC1700CMSIS_Firmware_Library\source\lpc17xx_pwm.c 0x00000000   Number         0  lpc17xx_pwm.o ABSOLUTE
    ..\Libraries\LPC1700CMSIS_Firmware_Library\source\lpc17xx_qei.c 0x00000000   Number         0  lpc17xx_qei.o ABSOLUTE
    ..\Libraries\LPC1700CMSIS_Firmware_Library\source\lpc17xx_rit.c 0x00000000   Number         0  lpc17xx_rit.o ABSOLUTE
    ..\Libraries\LPC1700CMSIS_Firmware_Library\source\lpc17xx_rtc.c 0x00000000   Number         0  lpc17xx_rtc.o ABSOLUTE
    ..\Libraries\LPC1700CMSIS_Firmware_Library\source\lpc17xx_spi.c 0x00000000   Number         0  lpc17xx_spi.o ABSOLUTE
    ..\Libraries\LPC1700CMSIS_Firmware_Library\source\lpc17xx_ssp.c 0x00000000   Number         0  lpc17xx_ssp.o ABSOLUTE
    ..\Libraries\LPC1700CMSIS_Firmware_Library\source\lpc17xx_systick.c 0x00000000   Number         0  lpc17xx_systick.o ABSOLUTE
    ..\Libraries\LPC1700CMSIS_Firmware_Library\source\lpc17xx_timer.c 0x00000000   Number         0  lpc17xx_timer.o ABSOLUTE
    ..\Libraries\LPC1700CMSIS_Firmware_Library\source\lpc17xx_uart.c 0x00000000   Number         0  lpc17xx_uart.o ABSOLUTE
    ..\Libraries\LPC1700CMSIS_Firmware_Library\source\lpc17xx_wdt.c 0x00000000   Number         0  lpc17xx_wdt.o ABSOLUTE
    ..\USER\GLCD\AsciiLib.c                  0x00000000   Number         0  asciilib.o ABSOLUTE
    ..\USER\GLCD\GLCD.c                      0x00000000   Number         0  glcd.o ABSOLUTE
    ..\USER\GLCD\HzLib.c                     0x00000000   Number         0  hzlib.o ABSOLUTE
    ..\USER\TouchPanel\TouchPanel.c          0x00000000   Number         0  touchpanel.o ABSOLUTE
    ..\USER\main.c                           0x00000000   Number         0  main.o ABSOLUTE
    ..\\Libraries\\CM3\\DeviceSupport\\NXP\\LPC17xx\\system_LPC17xx.c 0x00000000   Number         0  system_lpc17xx.o ABSOLUTE
    ..\\Libraries\\LPC1700CMSIS_Firmware_Library\\source\\debug_frmwrk.c 0x00000000   Number         0  debug_frmwrk.o ABSOLUTE
    ..\\Libraries\\LPC1700CMSIS_Firmware_Library\\source\\lpc17xx_adc.c 0x00000000   Number         0  lpc17xx_adc.o ABSOLUTE
    ..\\Libraries\\LPC1700CMSIS_Firmware_Library\\source\\lpc17xx_can.c 0x00000000   Number         0  lpc17xx_can.o ABSOLUTE
    ..\\Libraries\\LPC1700CMSIS_Firmware_Library\\source\\lpc17xx_clkpwr.c 0x00000000   Number         0  lpc17xx_clkpwr.o ABSOLUTE
    ..\\Libraries\\LPC1700CMSIS_Firmware_Library\\source\\lpc17xx_dac.c 0x00000000   Number         0  lpc17xx_dac.o ABSOLUTE
    ..\\Libraries\\LPC1700CMSIS_Firmware_Library\\source\\lpc17xx_emac.c 0x00000000   Number         0  lpc17xx_emac.o ABSOLUTE
    ..\\Libraries\\LPC1700CMSIS_Firmware_Library\\source\\lpc17xx_exti.c 0x00000000   Number         0  lpc17xx_exti.o ABSOLUTE
    ..\\Libraries\\LPC1700CMSIS_Firmware_Library\\source\\lpc17xx_gpdma.c 0x00000000   Number         0  lpc17xx_gpdma.o ABSOLUTE
    ..\\Libraries\\LPC1700CMSIS_Firmware_Library\\source\\lpc17xx_gpio.c 0x00000000   Number         0  lpc17xx_gpio.o ABSOLUTE
    ..\\Libraries\\LPC1700CMSIS_Firmware_Library\\source\\lpc17xx_i2c.c 0x00000000   Number         0  lpc17xx_i2c.o ABSOLUTE
    ..\\Libraries\\LPC1700CMSIS_Firmware_Library\\source\\lpc17xx_i2s.c 0x00000000   Number         0  lpc17xx_i2s.o ABSOLUTE
    ..\\Libraries\\LPC1700CMSIS_Firmware_Library\\source\\lpc17xx_mcpwm.c 0x00000000   Number         0  lpc17xx_mcpwm.o ABSOLUTE
    ..\\Libraries\\LPC1700CMSIS_Firmware_Library\\source\\lpc17xx_nvic.c 0x00000000   Number         0  lpc17xx_nvic.o ABSOLUTE
    ..\\Libraries\\LPC1700CMSIS_Firmware_Library\\source\\lpc17xx_pinsel.c 0x00000000   Number         0  lpc17xx_pinsel.o ABSOLUTE
    ..\\Libraries\\LPC1700CMSIS_Firmware_Library\\source\\lpc17xx_pwm.c 0x00000000   Number         0  lpc17xx_pwm.o ABSOLUTE
    ..\\Libraries\\LPC1700CMSIS_Firmware_Library\\source\\lpc17xx_qei.c 0x00000000   Number         0  lpc17xx_qei.o ABSOLUTE
    ..\\Libraries\\LPC1700CMSIS_Firmware_Library\\source\\lpc17xx_rit.c 0x00000000   Number         0  lpc17xx_rit.o ABSOLUTE
    ..\\Libraries\\LPC1700CMSIS_Firmware_Library\\source\\lpc17xx_rtc.c 0x00000000   Number         0  lpc17xx_rtc.o ABSOLUTE
    ..\\Libraries\\LPC1700CMSIS_Firmware_Library\\source\\lpc17xx_spi.c 0x00000000   Number         0  lpc17xx_spi.o ABSOLUTE
    ..\\Libraries\\LPC1700CMSIS_Firmware_Library\\source\\lpc17xx_ssp.c 0x00000000   Number         0  lpc17xx_ssp.o ABSOLUTE
    ..\\Libraries\\LPC1700CMSIS_Firmware_Library\\source\\lpc17xx_systick.c 0x00000000   Number         0  lpc17xx_systick.o ABSOLUTE
    ..\\Libraries\\LPC1700CMSIS_Firmware_Library\\source\\lpc17xx_timer.c 0x00000000   Number         0  lpc17xx_timer.o ABSOLUTE
    ..\\Libraries\\LPC1700CMSIS_Firmware_Library\\source\\lpc17xx_uart.c 0x00000000   Number         0  lpc17xx_uart.o ABSOLUTE
    ..\\Libraries\\LPC1700CMSIS_Firmware_Library\\source\\lpc17xx_wdt.c 0x00000000   Number         0  lpc17xx_wdt.o ABSOLUTE
    ..\\USER\\GLCD\\GLCD.c                   0x00000000   Number         0  glcd.o ABSOLUTE
    ..\\USER\\TouchPanel\\TouchPanel.c       0x00000000   Number         0  touchpanel.o ABSOLUTE
    ..\\USER\\main.c                         0x00000000   Number         0  main.o ABSOLUTE
    cdcmple.s                                0x00000000   Number         0  cdcmple.o ABSOLUTE
    cfrcmple.s                               0x00000000   Number         0  cfrcmple.o ABSOLUTE
    dc.s                                     0x00000000   Number         0  dc.o ABSOLUTE
    handlers.s                               0x00000000   Number         0  handlers.o ABSOLUTE
    init.s                                   0x00000000   Number         0  init.o ABSOLUTE
    .ARM.Collect$$$$00000000                 0x000000cc   Section        0  entry.o(.ARM.Collect$$$$00000000)
    .ARM.Collect$$$$00000001                 0x000000cc   Section        4  entry2.o(.ARM.Collect$$$$00000001)
    .ARM.Collect$$$$00000004                 0x000000d0   Section        4  entry5.o(.ARM.Collect$$$$00000004)
    .ARM.Collect$$$$00000008                 0x000000d4   Section        0  entry7b.o(.ARM.Collect$$$$00000008)
    .ARM.Collect$$$$0000000A                 0x000000d4   Section        0  entry8b.o(.ARM.Collect$$$$0000000A)
    .ARM.Collect$$$$0000000B                 0x000000d4   Section        8  entry9a.o(.ARM.Collect$$$$0000000B)
    .ARM.Collect$$$$0000000D                 0x000000dc   Section        0  entry10a.o(.ARM.Collect$$$$0000000D)
    .ARM.Collect$$$$0000000F                 0x000000dc   Section        0  entry11a.o(.ARM.Collect$$$$0000000F)
    .ARM.Collect$$$$00002712                 0x000000dc   Section        4  entry2.o(.ARM.Collect$$$$00002712)
    __lit__00000000                          0x000000dc   Data           4  entry2.o(.ARM.Collect$$$$00002712)
    .text                                    0x000000e0   Section       36  startup_lpc17xx.o(.text)
    .text                                    0x00000104   Section        0  memcpya.o(.text)
    .text                                    0x00000128   Section        0  memseta.o(.text)
    .text                                    0x0000014c   Section        0  dadd.o(.text)
    .text                                    0x0000029a   Section        0  dflti.o(.text)
    .text                                    0x000002bc   Section        0  dfltui.o(.text)
    .text                                    0x000002d6   Section        0  llshl.o(.text)
    .text                                    0x000002f4   Section        0  iusefp.o(.text)
    i.__scatterload_null                     0x000002f4   Section        2  handlers.o(i.__scatterload_null)
    i.check_failed                           0x000002f6   Section        0  lpc17xx_libcfg_default.o(i.check_failed)
    .ARM.__at_0x02FC                         0x000002fc   Section        4  startup_lpc17xx.o(.ARM.__at_0x02FC)
    .text                                    0x00000300   Section        0  dmul.o(.text)
    .text                                    0x000003e4   Section        0  ddiv.o(.text)
    .text                                    0x000004c2   Section        0  dfixui.o(.text)
    .text                                    0x000004f4   Section       40  cdcmple.o(.text)
    .text                                    0x0000051c   Section        0  llushr.o(.text)
    .text                                    0x0000053c   Section        0  llsshr.o(.text)
    .text                                    0x00000560   Section        0  depilogue.o(.text)
    .text                                    0x00000620   Section       36  init.o(.text)
    i.CLKPWR_ConfigPPWR                      0x00000644   Section        0  lpc17xx_clkpwr.o(i.CLKPWR_ConfigPPWR)
    i.CLKPWR_GetPCLK                         0x00000684   Section        0  lpc17xx_clkpwr.o(i.CLKPWR_GetPCLK)
    i.CLKPWR_GetPCLKSEL                      0x000006c4   Section        0  lpc17xx_clkpwr.o(i.CLKPWR_GetPCLKSEL)
    i.DelayUS                                0x000006ec   Section        0  touchpanel.o(i.DelayUS)
    DelayUS                                  0x000006ed   Thumb Code    28  touchpanel.o(i.DelayUS)
    i.DrawCross                              0x00000708   Section        0  touchpanel.o(i.DrawCross)
    i.GPIO_GetPointer                        0x0000086c   Section        0  lpc17xx_gpio.o(i.GPIO_GetPointer)
    GPIO_GetPointer                          0x0000086d   Thumb Code    52  lpc17xx_gpio.o(i.GPIO_GetPointer)
    i.GPIO_SetDir                            0x000008a4   Section        0  lpc17xx_gpio.o(i.GPIO_SetDir)
    i.GPIO_SetValue                          0x000008cc   Section        0  lpc17xx_gpio.o(i.GPIO_SetValue)
    i.GUI_Text                               0x000008e0   Section        0  glcd.o(i.GUI_Text)
    i.GetASCIICode                           0x00000930   Section        0  asciilib.o(i.GetASCIICode)
    i.LCD_Clear                              0x00000950   Section        0  glcd.o(i.LCD_Clear)
    i.LCD_Configuration                      0x0000140c   Section        0  glcd.o(i.LCD_Configuration)
    LCD_Configuration                        0x0000140d   Thumb Code   368  glcd.o(i.LCD_Configuration)
    i.LCD_DrawLine                           0x0000157c   Section        0  glcd.o(i.LCD_DrawLine)
    i.LCD_Initializtion                      0x00001678   Section        0  glcd.o(i.LCD_Initializtion)
    i.LCD_SetPoint                           0x00010cec   Section        0  glcd.o(i.LCD_SetPoint)
    i.PINSEL_ConfigPin                       0x00011208   Section        0  lpc17xx_pinsel.o(i.PINSEL_ConfigPin)
    i.PutChar                                0x0001122c   Section        0  glcd.o(i.PutChar)
    i.RD_AD                                  0x00011290   Section        0  touchpanel.o(i.RD_AD)
    RD_AD                                    0x00011291   Thumb Code    44  touchpanel.o(i.RD_AD)
    i.Read_Ads7846                           0x000112bc   Section        0  touchpanel.o(i.Read_Ads7846)
    i.Read_X                                 0x000114bc   Section        0  touchpanel.o(i.Read_X)
    i.Read_Y                                 0x000114ec   Section        0  touchpanel.o(i.Read_Y)
    i.SSP_Cmd                                0x0001151c   Section        0  lpc17xx_ssp.o(i.SSP_Cmd)
    i.SSP_ConfigStructInit                   0x000115a8   Section        0  lpc17xx_ssp.o(i.SSP_ConfigStructInit)
    i.SSP_GetStatus                          0x000115c4   Section        0  lpc17xx_ssp.o(i.SSP_GetStatus)
    i.SSP_Init                               0x00011658   Section        0  lpc17xx_ssp.o(i.SSP_Init)
    i.SSP_ReceiveData                        0x00011704   Section        0  lpc17xx_ssp.o(i.SSP_ReceiveData)
    i.SSP_SendData                           0x00011770   Section        0  lpc17xx_ssp.o(i.SSP_SendData)
    i.SystemInit                             0x000117dc   Section        0  system_lpc17xx.o(i.SystemInit)
    i.TP_DrawPoint                           0x0001193c   Section        0  touchpanel.o(i.TP_DrawPoint)
    i.TP_GetAdXY                             0x0001197c   Section        0  touchpanel.o(i.TP_GetAdXY)
    i.TP_Init                                0x000119a0   Section        0  touchpanel.o(i.TP_Init)
    i.TouchPanel_Calibrate                   0x00011a58   Section        0  touchpanel.o(i.TouchPanel_Calibrate)
    i.WR_CMD                                 0x00011af4   Section        0  touchpanel.o(i.WR_CMD)
    WR_CMD                                   0x00011af5   Thumb Code    50  touchpanel.o(i.WR_CMD)
    i.__scatterload_copy                     0x00011b2c   Section       14  handlers.o(i.__scatterload_copy)
    i.__scatterload_zeroinit                 0x00011b3a   Section       14  handlers.o(i.__scatterload_zeroinit)
    i.delay_ms                               0x00011b48   Section        0  glcd.o(i.delay_ms)
    delay_ms                                 0x00011b49   Thumb Code    30  glcd.o(i.delay_ms)
    i.getDisplayPoint                        0x00011b66   Section        0  touchpanel.o(i.getDisplayPoint)
    i.main                                   0x00011c54   Section        0  main.o(i.main)
    i.setCalibrationMatrix                   0x00011c88   Section        0  touchpanel.o(i.setCalibrationMatrix)
    i.setSSPclock                            0x00011dec   Section        0  lpc17xx_ssp.o(i.setSSPclock)
    setSSPclock                              0x00011ded   Thumb Code   130  lpc17xx_ssp.o(i.setSSPclock)
    i.set_OpenDrainMode                      0x00011eb8   Section        0  lpc17xx_pinsel.o(i.set_OpenDrainMode)
    set_OpenDrainMode                        0x00011eb9   Thumb Code    42  lpc17xx_pinsel.o(i.set_OpenDrainMode)
    i.set_PinFunc                            0x00011ee8   Section        0  lpc17xx_pinsel.o(i.set_PinFunc)
    set_PinFunc                              0x00011ee9   Thumb Code    60  lpc17xx_pinsel.o(i.set_PinFunc)
    i.set_ResistorMode                       0x00011f28   Section        0  lpc17xx_pinsel.o(i.set_ResistorMode)
    set_ResistorMode                         0x00011f29   Thumb Code    60  lpc17xx_pinsel.o(i.set_ResistorMode)
    .constdata                               0x00011f68   Section     1520  asciilib.o(.constdata)
    AsciiLib                                 0x00011f68   Data        1520  asciilib.o(.constdata)
    STACK                                    0x10000000   Section      512  startup_lpc17xx.o(STACK)
    .data                                    0x2007c000   Section        1  glcd.o(.data)
    LCD_Code                                 0x2007c000   Data           1  glcd.o(.data)
    .data                                    0x2007c002   Section       20  touchpanel.o(.data)
    screen                                   0x2007c00e   Data           4  touchpanel.o(.data)
    .data                                    0x2007c018   Section        4  system_lpc17xx.o(.data)
    .bss                                     0x2007c020   Section       68  touchpanel.o(.bss)

    Global Symbols

    Symbol Name                              Value     Ov Type        Size  Object(Section)

    BuildAttributes$$THM_ISAv4$P$D$K$B$S$PE$A:L22UL41UL21$X:L11$S22US41US21$IEEE1$IW$USESV6$~STKCKD$USESV7$~SHL$OTIME$ROPI$EBA8$MICROLIB$REQ8$PRES8$EABIv2 0x00000000   Number         0  anon$$obj.o ABSOLUTE
    __ARM_use_no_argv                        0x00000000   Number         0  main.o ABSOLUTE
    __Vectors                                0x00000000   Data           4  startup_lpc17xx.o(RESET)
    __cpp_initialize__aeabi_                  - Undefined Weak Reference
    __cxa_finalize                            - Undefined Weak Reference
    __decompress                              - Undefined Weak Reference
    _clock_init                               - Undefined Weak Reference
    _microlib_exit                            - Undefined Weak Reference
    __main                                   0x000000cd   Thumb Code     0  entry.o(.ARM.Collect$$$$00000000)
    _main_stk                                0x000000cd   Thumb Code     0  entry2.o(.ARM.Collect$$$$00000001)
    _main_scatterload                        0x000000d1   Thumb Code     0  entry5.o(.ARM.Collect$$$$00000004)
    __main_after_scatterload                 0x000000d5   Thumb Code     0  entry5.o(.ARM.Collect$$$$00000004)
    _main_clock                              0x000000d5   Thumb Code     0  entry7b.o(.ARM.Collect$$$$00000008)
    _main_cpp_init                           0x000000d5   Thumb Code     0  entry8b.o(.ARM.Collect$$$$0000000A)
    _main_init                               0x000000d5   Thumb Code     0  entry9a.o(.ARM.Collect$$$$0000000B)
    __rt_final_cpp                           0x000000dd   Thumb Code     0  entry10a.o(.ARM.Collect$$$$0000000D)
    __rt_final_exit                          0x000000dd   Thumb Code     0  entry11a.o(.ARM.Collect$$$$0000000F)
    Reset_Handler                            0x000000e1   Thumb Code     8  startup_lpc17xx.o(.text)
    NMI_Handler                              0x000000e9   Thumb Code     2  startup_lpc17xx.o(.text)
    HardFault_Handler                        0x000000eb   Thumb Code     2  startup_lpc17xx.o(.text)
    MemManage_Handler                        0x000000ed   Thumb Code     2  startup_lpc17xx.o(.text)
    BusFault_Handler                         0x000000ef   Thumb Code     2  startup_lpc17xx.o(.text)
    UsageFault_Handler                       0x000000f1   Thumb Code     2  startup_lpc17xx.o(.text)
    SVC_Handler                              0x000000f3   Thumb Code     2  startup_lpc17xx.o(.text)
    DebugMon_Handler                         0x000000f5   Thumb Code     2  startup_lpc17xx.o(.text)
    PendSV_Handler                           0x000000f7   Thumb Code     2  startup_lpc17xx.o(.text)
    SysTick_Handler                          0x000000f9   Thumb Code     2  startup_lpc17xx.o(.text)
    ADC_IRQHandler                           0x000000fb   Thumb Code     0  startup_lpc17xx.o(.text)
    BOD_IRQHandler                           0x000000fb   Thumb Code     0  startup_lpc17xx.o(.text)
    CANActivity_IRQHandler                   0x000000fb   Thumb Code     0  startup_lpc17xx.o(.text)
    CAN_IRQHandler                           0x000000fb   Thumb Code     0  startup_lpc17xx.o(.text)
    DMA_IRQHandler                           0x000000fb   Thumb Code     0  startup_lpc17xx.o(.text)
    EINT0_IRQHandler                         0x000000fb   Thumb Code     0  startup_lpc17xx.o(.text)
    EINT1_IRQHandler                         0x000000fb   Thumb Code     0  startup_lpc17xx.o(.text)
    EINT2_IRQHandler                         0x000000fb   Thumb Code     0  startup_lpc17xx.o(.text)
    EINT3_IRQHandler                         0x000000fb   Thumb Code     0  startup_lpc17xx.o(.text)
    ENET_IRQHandler                          0x000000fb   Thumb Code     0  startup_lpc17xx.o(.text)
    I2C0_IRQHandler                          0x000000fb   Thumb Code     0  startup_lpc17xx.o(.text)
    I2C1_IRQHandler                          0x000000fb   Thumb Code     0  startup_lpc17xx.o(.text)
    I2C2_IRQHandler                          0x000000fb   Thumb Code     0  startup_lpc17xx.o(.text)
    I2S_IRQHandler                           0x000000fb   Thumb Code     0  startup_lpc17xx.o(.text)
    MCPWM_IRQHandler                         0x000000fb   Thumb Code     0  startup_lpc17xx.o(.text)
    PLL0_IRQHandler                          0x000000fb   Thumb Code     0  startup_lpc17xx.o(.text)
    PLL1_IRQHandler                          0x000000fb   Thumb Code     0  startup_lpc17xx.o(.text)
    PWM1_IRQHandler                          0x000000fb   Thumb Code     0  startup_lpc17xx.o(.text)
    QEI_IRQHandler                           0x000000fb   Thumb Code     0  startup_lpc17xx.o(.text)
    RIT_IRQHandler                           0x000000fb   Thumb Code     0  startup_lpc17xx.o(.text)
    RTC_IRQHandler                           0x000000fb   Thumb Code     0  startup_lpc17xx.o(.text)
    SPI_IRQHandler                           0x000000fb   Thumb Code     0  startup_lpc17xx.o(.text)
    SSP0_IRQHandler                          0x000000fb   Thumb Code     0  startup_lpc17xx.o(.text)
    SSP1_IRQHandler                          0x000000fb   Thumb Code     0  startup_lpc17xx.o(.text)
    TIMER0_IRQHandler                        0x000000fb   Thumb Code     0  startup_lpc17xx.o(.text)
    TIMER1_IRQHandler                        0x000000fb   Thumb Code     0  startup_lpc17xx.o(.text)
    TIMER2_IRQHandler                        0x000000fb   Thumb Code     0  startup_lpc17xx.o(.text)
    TIMER3_IRQHandler                        0x000000fb   Thumb Code     0  startup_lpc17xx.o(.text)
    UART0_IRQHandler                         0x000000fb   Thumb Code     0  startup_lpc17xx.o(.text)
    UART1_IRQHandler                         0x000000fb   Thumb Code     0  startup_lpc17xx.o(.text)
    UART2_IRQHandler                         0x000000fb   Thumb Code     0  startup_lpc17xx.o(.text)
    UART3_IRQHandler                         0x000000fb   Thumb Code     0  startup_lpc17xx.o(.text)
    USBActivity_IRQHandler                   0x000000fb   Thumb Code     0  startup_lpc17xx.o(.text)
    USB_IRQHandler                           0x000000fb   Thumb Code     0  startup_lpc17xx.o(.text)
    WDT_IRQHandler                           0x000000fb   Thumb Code     0  startup_lpc17xx.o(.text)
    __aeabi_memcpy                           0x00000105   Thumb Code    36  memcpya.o(.text)
    __aeabi_memcpy4                          0x00000105   Thumb Code     0  memcpya.o(.text)
    __aeabi_memcpy8                          0x00000105   Thumb Code     0  memcpya.o(.text)
    __aeabi_memset                           0x00000129   Thumb Code    14  memseta.o(.text)
    __aeabi_memset4                          0x00000129   Thumb Code     0  memseta.o(.text)
    __aeabi_memset8                          0x00000129   Thumb Code     0  memseta.o(.text)
    __aeabi_memclr                           0x00000137   Thumb Code     4  memseta.o(.text)
    __aeabi_memclr4                          0x00000137   Thumb Code     0  memseta.o(.text)
    __aeabi_memclr8                          0x00000137   Thumb Code     0  memseta.o(.text)
    _memset$wrapper                          0x0000013b   Thumb Code    18  memseta.o(.text)
    __aeabi_dadd                             0x0000014d   Thumb Code   322  dadd.o(.text)
    __aeabi_dsub                             0x0000028f   Thumb Code     6  dadd.o(.text)
    __aeabi_drsub                            0x00000295   Thumb Code     6  dadd.o(.text)
    __aeabi_i2d                              0x0000029b   Thumb Code    34  dflti.o(.text)
    __aeabi_ui2d                             0x000002bd   Thumb Code    26  dfltui.o(.text)
    __aeabi_llsl                             0x000002d7   Thumb Code    30  llshl.o(.text)
    _ll_shift_l                              0x000002d7   Thumb Code     0  llshl.o(.text)
    __I$use$fp                               0x000002f5   Thumb Code     0  iusefp.o(.text)
    __scatterload_null                       0x000002f5   Thumb Code     2  handlers.o(i.__scatterload_null)
    check_failed                             0x000002f7   Thumb Code     4  lpc17xx_libcfg_default.o(i.check_failed)
    __aeabi_dmul                             0x00000301   Thumb Code   228  dmul.o(.text)
    __aeabi_ddiv                             0x000003e5   Thumb Code   222  ddiv.o(.text)
    __aeabi_d2uiz                            0x000004c3   Thumb Code    50  dfixui.o(.text)
    __aeabi_cdcmpeq                          0x000004f5   Thumb Code     0  cdcmple.o(.text)
    __aeabi_cdcmple                          0x000004f5   Thumb Code    38  cdcmple.o(.text)
    __aeabi_llsr                             0x0000051d   Thumb Code    32  llushr.o(.text)
    _ll_ushift_r                             0x0000051d   Thumb Code     0  llushr.o(.text)
    __aeabi_lasr                             0x0000053d   Thumb Code    36  llsshr.o(.text)
    _ll_sshift_r                             0x0000053d   Thumb Code     0  llsshr.o(.text)
    _double_round                            0x00000561   Thumb Code    26  depilogue.o(.text)
    _double_epilogue                         0x0000057b   Thumb Code   164  depilogue.o(.text)
    __scatterload                            0x00000621   Thumb Code    28  init.o(.text)
    __scatterload_rt2                        0x00000621   Thumb Code     0  init.o(.text)
    CLKPWR_ConfigPPWR                        0x00000645   Thumb Code    50  lpc17xx_clkpwr.o(i.CLKPWR_ConfigPPWR)
    CLKPWR_GetPCLK                           0x00000685   Thumb Code    58  lpc17xx_clkpwr.o(i.CLKPWR_GetPCLK)
    CLKPWR_GetPCLKSEL                        0x000006c5   Thumb Code    32  lpc17xx_clkpwr.o(i.CLKPWR_GetPCLKSEL)
    DrawCross                                0x00000709   Thumb Code   356  touchpanel.o(i.DrawCross)
    GPIO_SetDir                              0x000008a5   Thumb Code    40  lpc17xx_gpio.o(i.GPIO_SetDir)
    GPIO_SetValue                            0x000008cd   Thumb Code    20  lpc17xx_gpio.o(i.GPIO_SetValue)
    GUI_Text                                 0x000008e1   Thumb Code    80  glcd.o(i.GUI_Text)
    GetASCIICode                             0x00000931   Thumb Code    26  asciilib.o(i.GetASCIICode)
    LCD_Clear                                0x00000951   Thumb Code  2742  glcd.o(i.LCD_Clear)
    LCD_DrawLine                             0x0000157d   Thumb Code   250  glcd.o(i.LCD_DrawLine)
    LCD_Initializtion                        0x00001679   Thumb Code 63086  glcd.o(i.LCD_Initializtion)
    LCD_SetPoint                             0x00010ced   Thumb Code  1302  glcd.o(i.LCD_SetPoint)
    PINSEL_ConfigPin                         0x00011209   Thumb Code    36  lpc17xx_pinsel.o(i.PINSEL_ConfigPin)
    PutChar                                  0x0001122d   Thumb Code   100  glcd.o(i.PutChar)
    Read_Ads7846                             0x000112bd   Thumb Code   502  touchpanel.o(i.Read_Ads7846)
    Read_X                                   0x000114bd   Thumb Code    42  touchpanel.o(i.Read_X)
    Read_Y                                   0x000114ed   Thumb Code    42  touchpanel.o(i.Read_Y)
    SSP_Cmd                                  0x0001151d   Thumb Code    68  lpc17xx_ssp.o(i.SSP_Cmd)
    SSP_ConfigStructInit                     0x000115a9   Thumb Code    22  lpc17xx_ssp.o(i.SSP_ConfigStructInit)
    SSP_GetStatus                            0x000115c5   Thumb Code    76  lpc17xx_ssp.o(i.SSP_GetStatus)
    SSP_Init                                 0x00011659   Thumb Code   100  lpc17xx_ssp.o(i.SSP_Init)
    SSP_ReceiveData                          0x00011705   Thumb Code    34  lpc17xx_ssp.o(i.SSP_ReceiveData)
    SSP_SendData                             0x00011771   Thumb Code    36  lpc17xx_ssp.o(i.SSP_SendData)
    SystemInit                               0x000117dd   Thumb Code   282  system_lpc17xx.o(i.SystemInit)
    TP_DrawPoint                             0x0001193d   Thumb Code    64  touchpanel.o(i.TP_DrawPoint)
    TP_GetAdXY                               0x0001197d   Thumb Code    34  touchpanel.o(i.TP_GetAdXY)
    TP_Init                                  0x000119a1   Thumb Code   176  touchpanel.o(i.TP_Init)
    TouchPanel_Calibrate                     0x00011a59   Thumb Code   108  touchpanel.o(i.TouchPanel_Calibrate)
    __scatterload_copy                       0x00011b2d   Thumb Code    14  handlers.o(i.__scatterload_copy)
    __scatterload_zeroinit                   0x00011b3b   Thumb Code    14  handlers.o(i.__scatterload_zeroinit)
    getDisplayPoint                          0x00011b67   Thumb Code   238  touchpanel.o(i.getDisplayPoint)
    main                                     0x00011c55   Thumb Code    42  main.o(i.main)
    setCalibrationMatrix                     0x00011c89   Thumb Code   356  touchpanel.o(i.setCalibrationMatrix)
    Region$$Table$$Base                      0x00012558   Number         0  anon$$obj.o(Region$$Table)
    Region$$Table$$Limit                     0x00012588   Number         0  anon$$obj.o(Region$$Table)
    __initial_sp                             0x10000200   Data           0  startup_lpc17xx.o(STACK)
    DisplaySample                            0x2007c002   Data          12  touchpanel.o(.data)
    display                                  0x2007c012   Data           4  touchpanel.o(.data)
    SystemCoreClock                          0x2007c018   Data           4  system_lpc17xx.o(.data)
    matrix                                   0x2007c020   Data          56  touchpanel.o(.bss)
    ScreenSample                             0x2007c058   Data          12  touchpanel.o(.bss)



==============================================================================

Memory Map of the image

  Image Entry point : 0x000000cd

  Load Region LR_IROM1 (Base: 0x00000000, Size: 0x000125a4, Max: 0x00080000, ABSOLUTE)

    Execution Region ER_IROM1 (Base: 0x00000000, Size: 0x00012588, Max: 0x00080000, ABSOLUTE)

    Base Addr    Size         Type   Attr      Idx    E Section Name        Object

    0x00000000   0x000000cc   Data   RO         2777    RESET               startup_lpc17xx.o
    0x000000cc   0x00000000   Code   RO         2785  * .ARM.Collect$$$$00000000  mc_w.l(entry.o)
    0x000000cc   0x00000004   Code   RO         2814    .ARM.Collect$$$$00000001  mc_w.l(entry2.o)
    0x000000d0   0x00000004   Code   RO         2817    .ARM.Collect$$$$00000004  mc_w.l(entry5.o)
    0x000000d4   0x00000000   Code   RO         2819    .ARM.Collect$$$$00000008  mc_w.l(entry7b.o)
    0x000000d4   0x00000000   Code   RO         2821    .ARM.Collect$$$$0000000A  mc_w.l(entry8b.o)
    0x000000d4   0x00000008   Code   RO         2822    .ARM.Collect$$$$0000000B  mc_w.l(entry9a.o)
    0x000000dc   0x00000000   Code   RO         2824    .ARM.Collect$$$$0000000D  mc_w.l(entry10a.o)
    0x000000dc   0x00000000   Code   RO         2826    .ARM.Collect$$$$0000000F  mc_w.l(entry11a.o)
    0x000000dc   0x00000004   Code   RO         2815    .ARM.Collect$$$$00002712  mc_w.l(entry2.o)
    0x000000e0   0x00000024   Code   RO         2779    .text               startup_lpc17xx.o
    0x00000104   0x00000024   Code   RO         2790    .text               mc_w.l(memcpya.o)
    0x00000128   0x00000024   Code   RO         2792    .text               mc_w.l(memseta.o)
    0x0000014c   0x0000014e   Code   RO         2796    .text               mf_w.l(dadd.o)
    0x0000029a   0x00000022   Code   RO         2804    .text               mf_w.l(dflti.o)
    0x000002bc   0x0000001a   Code   RO         2806    .text               mf_w.l(dfltui.o)
    0x000002d6   0x0000001e   Code   RO         2828    .text               mc_w.l(llshl.o)
    0x000002f4   0x00000000   Code   RO         2834    .text               mc_w.l(iusefp.o)
    0x000002f4   0x00000002   Code   RO         2844    i.__scatterload_null  mc_w.l(handlers.o)
    0x000002f6   0x00000004   Code   RO         1463    i.check_failed      lpc17xx_libcfg_default.o
    0x000002fa   0x00000002   PAD
    0x000002fc   0x00000004   Code   RO         2778    .ARM.__at_0x02FC    startup_lpc17xx.o
    0x00000300   0x000000e4   Code   RO         2798    .text               mf_w.l(dmul.o)
    0x000003e4   0x000000de   Code   RO         2800    .text               mf_w.l(ddiv.o)
    0x000004c2   0x00000032   Code   RO         2808    .text               mf_w.l(dfixui.o)
    0x000004f4   0x00000028   Code   RO         2810    .text               mf_w.l(cdcmple.o)
    0x0000051c   0x00000020   Code   RO         2830    .text               mc_w.l(llushr.o)
    0x0000053c   0x00000024   Code   RO         2832    .text               mc_w.l(llsshr.o)
    0x00000560   0x000000be   Code   RO         2837    .text               mf_w.l(depilogue.o)
    0x0000061e   0x00000002   PAD
    0x00000620   0x00000024   Code   RO         2839    .text               mc_w.l(init.o)
    0x00000644   0x00000040   Code   RO          612    i.CLKPWR_ConfigPPWR  lpc17xx_clkpwr.o
    0x00000684   0x00000040   Code   RO          615    i.CLKPWR_GetPCLK    lpc17xx_clkpwr.o
    0x000006c4   0x00000028   Code   RO          616    i.CLKPWR_GetPCLKSEL  lpc17xx_clkpwr.o
    0x000006ec   0x0000001c   Code   RO          187    i.DelayUS           touchpanel.o
    0x00000708   0x00000164   Code   RO          188    i.DrawCross         touchpanel.o
    0x0000086c   0x00000038   Code   RO         1014    i.GPIO_GetPointer   lpc17xx_gpio.o
    0x000008a4   0x00000028   Code   RO         1017    i.GPIO_SetDir       lpc17xx_gpio.o
    0x000008cc   0x00000014   Code   RO         1018    i.GPIO_SetValue     lpc17xx_gpio.o
    0x000008e0   0x00000050   Code   RO           66    i.GUI_Text          glcd.o
    0x00000930   0x00000020   Code   RO          171    i.GetASCIICode      asciilib.o
    0x00000950   0x00000abc   Code   RO           68    i.LCD_Clear         glcd.o
    0x0000140c   0x00000170   Code   RO           69    i.LCD_Configuration  glcd.o
    0x0000157c   0x000000fa   Code   RO           70    i.LCD_DrawLine      glcd.o
    0x00001676   0x00000002   PAD
    0x00001678   0x0000f674   Code   RO           72    i.LCD_Initializtion  glcd.o
    0x00010cec   0x0000051c   Code   RO           73    i.LCD_SetPoint      glcd.o
    0x00011208   0x00000024   Code   RO         1619    i.PINSEL_ConfigPin  lpc17xx_pinsel.o
    0x0001122c   0x00000064   Code   RO           74    i.PutChar           glcd.o
    0x00011290   0x0000002c   Code   RO          189    i.RD_AD             touchpanel.o
    0x000112bc   0x00000200   Code   RO          190    i.Read_Ads7846      touchpanel.o
    0x000114bc   0x00000030   Code   RO          191    i.Read_X            touchpanel.o
    0x000114ec   0x00000030   Code   RO          192    i.Read_Y            touchpanel.o
    0x0001151c   0x0000008c   Code   RO         2202    i.SSP_Cmd           lpc17xx_ssp.o
    0x000115a8   0x0000001c   Code   RO         2203    i.SSP_ConfigStructInit  lpc17xx_ssp.o
    0x000115c4   0x00000094   Code   RO         2210    i.SSP_GetStatus     lpc17xx_ssp.o
    0x00011658   0x000000ac   Code   RO         2211    i.SSP_Init          lpc17xx_ssp.o
    0x00011704   0x0000006c   Code   RO         2215    i.SSP_ReceiveData   lpc17xx_ssp.o
    0x00011770   0x0000006c   Code   RO         2216    i.SSP_SendData      lpc17xx_ssp.o
    0x000117dc   0x00000160   Code   RO         2746    i.SystemInit        system_lpc17xx.o
    0x0001193c   0x00000040   Code   RO          193    i.TP_DrawPoint      touchpanel.o
    0x0001197c   0x00000022   Code   RO          194    i.TP_GetAdXY        touchpanel.o
    0x0001199e   0x00000002   PAD
    0x000119a0   0x000000b8   Code   RO          195    i.TP_Init           touchpanel.o
    0x00011a58   0x0000009c   Code   RO          196    i.TouchPanel_Calibrate  touchpanel.o
    0x00011af4   0x00000038   Code   RO          197    i.WR_CMD            touchpanel.o
    0x00011b2c   0x0000000e   Code   RO         2843    i.__scatterload_copy  mc_w.l(handlers.o)
    0x00011b3a   0x0000000e   Code   RO         2845    i.__scatterload_zeroinit  mc_w.l(handlers.o)
    0x00011b48   0x0000001e   Code   RO           76    i.delay_ms          glcd.o
    0x00011b66   0x000000ee   Code   RO          198    i.getDisplayPoint   touchpanel.o
    0x00011c54   0x00000034   Code   RO            3    i.main              main.o
    0x00011c88   0x00000164   Code   RO          199    i.setCalibrationMatrix  touchpanel.o
    0x00011dec   0x000000cc   Code   RO         2218    i.setSSPclock       lpc17xx_ssp.o
    0x00011eb8   0x00000030   Code   RO         1622    i.set_OpenDrainMode  lpc17xx_pinsel.o
    0x00011ee8   0x00000040   Code   RO         1623    i.set_PinFunc       lpc17xx_pinsel.o
    0x00011f28   0x00000040   Code   RO         1624    i.set_ResistorMode  lpc17xx_pinsel.o
    0x00011f68   0x000005f0   Data   RO          172    .constdata          asciilib.o
    0x00012558   0x00000030   Data   RO         2841    Region$$Table       anon$$obj.o


    Execution Region RW_IRAM1 (Base: 0x10000000, Size: 0x00000200, Max: 0x00008000, ABSOLUTE)

    Base Addr    Size         Type   Attr      Idx    E Section Name        Object

    0x10000000   0x00000200   Zero   RW         2775    STACK               startup_lpc17xx.o


    Execution Region RW_IRAM2 (Base: 0x2007c000, Size: 0x00000064, Max: 0x00008000, ABSOLUTE)

    Base Addr    Size         Type   Attr      Idx    E Section Name        Object

    0x2007c000   0x00000001   Data   RW           77    .data               glcd.o
    0x2007c001   0x00000001   PAD
    0x2007c002   0x00000014   Data   RW          201    .data               touchpanel.o
    0x2007c016   0x00000002   PAD
    0x2007c018   0x00000004   Data   RW         2747    .data               system_lpc17xx.o
    0x2007c01c   0x00000004   PAD
    0x2007c020   0x00000044   Zero   RW          200    .bss                touchpanel.o


==============================================================================

Image component sizes


      Code (inc. data)   RO Data    RW Data    ZI Data      Debug   Object Name

        32          6       1520          0          0       1023   asciilib.o
     67976        328          0          1          0     184147   glcd.o
       168         28          0          0          0       1869   lpc17xx_clkpwr.o
       116         10          0          0          0       2342   lpc17xx_gpio.o
         4          0          0          0          0        955   lpc17xx_libcfg_default.o
       212         14          0          0          0       3027   lpc17xx_pinsel.o
       908        442          0          0          0       5033   lpc17xx_ssp.o
        52         10          0          0          0      31507   main.o
        40         12        204          0        512       1100   startup_lpc17xx.o
       352         70          0          4          0        899   system_lpc17xx.o
      2124         84          0         20         68       9475   touchpanel.o

    ----------------------------------------------------------------------
     71990       1004       1772         28        584     241377   Object Totals
         0          0         48          0          0          0   (incl. Generated)
         6          0          0          3          4          0   (incl. Padding)

    ----------------------------------------------------------------------

      Code (inc. data)   RO Data    RW Data    ZI Data      Debug   Library Member Name

         0          0          0          0          0          0   entry.o
         0          0          0          0          0          0   entry10a.o
         0          0          0          0          0          0   entry11a.o
         8          4          0          0          0          0   entry2.o
         4          0          0          0          0          0   entry5.o
         0          0          0          0          0          0   entry7b.o
         0          0          0          0          0          0   entry8b.o
         8          4          0          0          0          0   entry9a.o
        30          0          0          0          0          0   handlers.o
        36          8          0          0          0         68   init.o
         0          0          0          0          0          0   iusefp.o
        30          0          0          0          0         68   llshl.o
        36          0          0          0          0         68   llsshr.o
        32          0          0          0          0         68   llushr.o
        36          0          0          0          0         68   memcpya.o
        36          0          0          0          0        108   memseta.o
        40          2          0          0          0         68   cdcmple.o
       334          0          0          0          0        148   dadd.o
       222          0          0          0          0        100   ddiv.o
       190          0          0          0          0        176   depilogue.o
        50          0          0          0          0         76   dfixui.o
        34          0          0          0          0         76   dflti.o
        26          0          0          0          0         76   dfltui.o
       228          0          0          0          0         96   dmul.o

    ----------------------------------------------------------------------
      1382         18          0          0          0       1264   Library Totals
         2          0          0          0          0          0   (incl. Padding)

    ----------------------------------------------------------------------

      Code (inc. data)   RO Data    RW Data    ZI Data      Debug   Library Name

       256         16          0          0          0        448   mc_w.l
      1124          2          0          0          0        816   mf_w.l

    ----------------------------------------------------------------------
      1382         18          0          0          0       1264   Library Totals

    ----------------------------------------------------------------------

==============================================================================


      Code (inc. data)   RO Data    RW Data    ZI Data      Debug   

     73372       1022       1772         28        584     239885   Grand Totals
     73372       1022       1772         28        584     239885   ELF Image Totals
     73372       1022       1772         28          0          0   ROM Totals

==============================================================================

    Total RO  Size (Code + RO Data)                75144 (  73.38kB)
    Total RW  Size (RW Data + ZI Data)               612 (   0.60kB)
    Total ROM Size (Code + RO Data + RW Data)      75172 (  73.41kB)

==============================================================================

